Component: ARM Compiler 5.06 update 7 (build 960) Tool: armlink [4d3601]

==============================================================================

Section Cross References

    startup_stm32l072xx.o(RESET) refers to startup_stm32l072xx.o(STACK) for __initial_sp
    startup_stm32l072xx.o(RESET) refers to startup_stm32l072xx.o(.text) for Reset_Handler
    startup_stm32l072xx.o(RESET) refers to stm32l0xx_it.o(i.NMI_Handler) for NMI_Handler
    startup_stm32l072xx.o(RESET) refers to stm32l0xx_it.o(i.HardFault_Handler) for HardFault_Handler
    startup_stm32l072xx.o(RESET) refers to stm32l0xx_it.o(i.SVC_Handler) for SVC_Handler
    startup_stm32l072xx.o(RESET) refers to stm32l0xx_it.o(i.PendSV_Handler) for PendSV_Handler
    startup_stm32l072xx.o(RESET) refers to stm32l0xx_it.o(i.SysTick_Handler) for SysTick_Handler
    startup_stm32l072xx.o(RESET) refers to stm32l0xx_it.o(i.RTC_IRQHandler) for RTC_IRQHandler
    startup_stm32l072xx.o(RESET) refers to stm32l0xx_it.o(i.EXTI4_15_IRQHandler) for EXTI4_15_IRQHandler
    startup_stm32l072xx.o(RESET) refers to stm32l0xx_it.o(i.DMA1_Channel2_3_IRQHandler) for DMA1_Channel2_3_IRQHandler
    startup_stm32l072xx.o(RESET) refers to stm32l0xx_it.o(i.USART2_IRQHandler) for USART2_IRQHandler
    startup_stm32l072xx.o(RESET) refers to stm32l0xx_it.o(i.RNG_LPUART1_IRQHandler) for RNG_LPUART1_IRQHandler
    startup_stm32l072xx.o(.text) refers to system_stm32l0xx.o(i.SystemInit) for SystemInit
    startup_stm32l072xx.o(.text) refers to entry.o(.ARM.Collect$$$$00000000) for __main
    main.o(i.HAL_GPIO_EXTI_Callback) refers to lowpower.o(i.LPM_DisableStopMode) for LPM_DisableStopMode
    main.o(i.HAL_GPIO_EXTI_Callback) refers to nbinit.o(.data) for nb
    main.o(i.HAL_GPIO_EXTI_Callback) refers to common.o(.data) for sys
    main.o(i.HAL_GPIO_EXTI_Callback) refers to main.o(.data) for .data
    main.o(i.HAL_RTCEx_AlarmBEventCallback) refers to stm32l0xx_hal_iwdg.o(i.HAL_IWDG_Refresh) for HAL_IWDG_Refresh
    main.o(i.HAL_RTCEx_AlarmBEventCallback) refers to stm32l0xx_hal_uart.o(i.HAL_UART_Transmit) for HAL_UART_Transmit
    main.o(i.HAL_RTCEx_AlarmBEventCallback) refers to time_server.o(i.My_AlarmInit) for My_AlarmInit
    main.o(i.HAL_RTCEx_AlarmBEventCallback) refers to iwdg.o(.bss) for hiwdg
    main.o(i.HAL_RTCEx_AlarmBEventCallback) refers to common.o(.data) for sys
    main.o(i.HAL_RTCEx_AlarmBEventCallback) refers to main.o(.data) for .data
    main.o(i.HAL_RTCEx_AlarmBEventCallback) refers to usart.o(.bss) for huart2
    main.o(i.HAL_RTCEx_AlarmBEventCallback) refers to nbinit.o(.data) for nb
    main.o(i.HAL_RTC_AlarmAEventCallback) refers to lowpower.o(i.LPM_DisableStopMode) for LPM_DisableStopMode
    main.o(i.HAL_RTC_AlarmAEventCallback) refers to nbinit.o(.data) for nb
    main.o(i.HAL_RTC_AlarmAEventCallback) refers to main.o(.data) for .data
    main.o(i.HAL_UART_ErrorCallback) refers to usart.o(i.MX_LPUART1_UART_Init) for MX_LPUART1_UART_Init
    main.o(i.HAL_UART_ErrorCallback) refers to usart.o(i.MX_USART2_UART_Init) for MX_USART2_UART_Init
    main.o(i.HAL_UART_ErrorCallback) refers to stm32l0xx_hal_uart.o(i.HAL_UART_Receive_IT) for HAL_UART_Receive_IT
    main.o(i.HAL_UART_ErrorCallback) refers to usart.o(.bss) for hlpuart1
    main.o(i.HAL_UART_ErrorCallback) refers to main.o(.data) for .data
    main.o(i.HAL_UART_RxCpltCallback) refers to stm32l0xx_hal_uart.o(i.HAL_UART_Receive_IT) for HAL_UART_Receive_IT
    main.o(i.HAL_UART_RxCpltCallback) refers to usart.o(.bss) for hlpuart1
    main.o(i.HAL_UART_RxCpltCallback) refers to main.o(.data) for .data
    main.o(i.HAL_UART_RxCpltCallback) refers to nbinit.o(.data) for nb
    main.o(i.HAL_UART_RxCpltCallback) refers to main.o(.bss) for .bss
    main.o(i.SystemClock_Config) refers to memseta.o(.text) for __aeabi_memclr4
    main.o(i.SystemClock_Config) refers to stm32l0xx_hal_pwr.o(i.HAL_PWR_EnableBkUpAccess) for HAL_PWR_EnableBkUpAccess
    main.o(i.SystemClock_Config) refers to stm32l0xx_hal_rcc.o(i.HAL_RCC_OscConfig) for HAL_RCC_OscConfig
    main.o(i.SystemClock_Config) refers to stm32l0xx_hal_rcc.o(i.HAL_RCC_ClockConfig) for HAL_RCC_ClockConfig
    main.o(i.SystemClock_Config) refers to stm32l0xx_hal_rcc_ex.o(i.HAL_RCCEx_PeriphCLKConfig) for HAL_RCCEx_PeriphCLKConfig
    main.o(i.USERTASK) refers to at.o(i.ATInsPro) for ATInsPro
    main.o(i.USERTASK) refers to at.o(i.rtrim) for rtrim
    main.o(i.USERTASK) refers to strcmp.o(.text) for strcmp
    main.o(i.USERTASK) refers to strlen.o(.text) for strlen
    main.o(i.USERTASK) refers to stm32l0xx_hal.o(i.HAL_GetTick) for HAL_GetTick
    main.o(i.USERTASK) refers to printfa.o(i.__0printf) for __2printf
    main.o(i.USERTASK) refers to memseta.o(.text) for __aeabi_memclr
    main.o(i.USERTASK) refers to stm32l0xx_hal_uart.o(i.HAL_UART_Transmit_DMA) for HAL_UART_Transmit_DMA
    main.o(i.USERTASK) refers to stm32l0xx_hal.o(i.HAL_Delay) for HAL_Delay
[...]
    HAL_PWREx_EnableFastWakeUp               0x08002b51   Thumb Code    12  stm32l0xx_hal_pwr_ex.o(i.HAL_PWREx_EnableFastWakeUp)
    HAL_PWREx_EnableUltraLowPower            0x08002b61   Thumb Code    12  stm32l0xx_hal_pwr_ex.o(i.HAL_PWREx_EnableUltraLowPower)
    HAL_PWR_EnableBkUpAccess                 0x08002b71   Thumb Code    12  stm32l0xx_hal_pwr.o(i.HAL_PWR_EnableBkUpAccess)
    HAL_PWR_EnterSTOPMode                    0x08002b81   Thumb Code    88  stm32l0xx_hal_pwr.o(i.HAL_PWR_EnterSTOPMode)
    HAL_RCCEx_PeriphCLKConfig                0x08002be5   Thumb Code   382  stm32l0xx_hal_rcc_ex.o(i.HAL_RCCEx_PeriphCLKConfig)
    HAL_RCC_ClockConfig                      0x08002d71   Thumb Code   386  stm32l0xx_hal_rcc.o(i.HAL_RCC_ClockConfig)
    HAL_RCC_GetPCLK1Freq                     0x08002f0d   Thumb Code    20  stm32l0xx_hal_rcc.o(i.HAL_RCC_GetPCLK1Freq)
    HAL_RCC_GetPCLK2Freq                     0x08002f2d   Thumb Code    20  stm32l0xx_hal_rcc.o(i.HAL_RCC_GetPCLK2Freq)
    HAL_RCC_GetSysClockFreq                  0x08002f4d   Thumb Code   108  stm32l0xx_hal_rcc.o(i.HAL_RCC_GetSysClockFreq)
    HAL_RCC_OscConfig                        0x08002fc5   Thumb Code  1182  stm32l0xx_hal_rcc.o(i.HAL_RCC_OscConfig)
    HAL_RTCEx_AlarmBEventCallback            0x08003465   Thumb Code    70  main.o(i.HAL_RTCEx_AlarmBEventCallback)
    HAL_RTC_AlarmAEventCallback              0x080034d5   Thumb Code    32  main.o(i.HAL_RTC_AlarmAEventCallback)
    HAL_RTC_AlarmIRQHandler                  0x080034fd   Thumb Code    88  stm32l0xx_hal_rtc.o(i.HAL_RTC_AlarmIRQHandler)
    HAL_RTC_DeactivateAlarm                  0x0800355d   Thumb Code   184  stm32l0xx_hal_rtc.o(i.HAL_RTC_DeactivateAlarm)
    HAL_RTC_GetDate                          0x08003615   Thumb Code    68  stm32l0xx_hal_rtc.o(i.HAL_RTC_GetDate)
    HAL_RTC_GetTime                          0x08003659   Thumb Code    88  stm32l0xx_hal_rtc.o(i.HAL_RTC_GetTime)
    HAL_RTC_Init                             0x080036b5   Thumb Code   184  stm32l0xx_hal_rtc.o(i.HAL_RTC_Init)
    HAL_RTC_MspInit                          0x08003771   Thumb Code    40  rtc.o(i.HAL_RTC_MspInit)
    HAL_RTC_SetAlarm_IT                      0x080037a1   Thumb Code   390  stm32l0xx_hal_rtc.o(i.HAL_RTC_SetAlarm_IT)
    HAL_RTC_SetDate                          0x08003931   Thumb Code   190  stm32l0xx_hal_rtc.o(i.HAL_RTC_SetDate)
    HAL_RTC_SetTime                          0x080039f5   Thumb Code   228  stm32l0xx_hal_rtc.o(i.HAL_RTC_SetTime)
    HAL_RTC_WaitForSynchro                   0x08003add   Thumb Code    52  stm32l0xx_hal_rtc.o(i.HAL_RTC_WaitForSynchro)
    HAL_ResumeTick                           0x08003b11   Thumb Code    12  stm32l0xx_hal.o(i.HAL_ResumeTick)
    HAL_SYSTICK_Config                       0x08003b21   Thumb Code    38  stm32l0xx_hal_cortex.o(i.HAL_SYSTICK_Config)
    HAL_SuspendTick                          0x08003b51   Thumb Code    12  stm32l0xx_hal.o(i.HAL_SuspendTick)
    HAL_UARTEx_EnableStopMode                0x08003b61   Thumb Code    34  stm32l0xx_hal_uart_ex.o(i.HAL_UARTEx_EnableStopMode)
    HAL_UARTEx_RxEventCallback               0x08003b83   Thumb Code     2  stm32l0xx_hal_uart.o(i.HAL_UARTEx_RxEventCallback)
    HAL_UARTEx_StopModeWakeUpSourceConfig    0x08003b85   Thumb Code   148  stm32l0xx_hal_uart_ex.o(i.HAL_UARTEx_StopModeWakeUpSourceConfig)
    HAL_UARTEx_WakeupCallback                0x08003c1d   Thumb Code     2  stm32l0xx_hal_uart_ex.o(i.HAL_UARTEx_WakeupCallback)
    HAL_UART_ErrorCallback                   0x08003c21   Thumb Code   180  main.o(i.HAL_UART_ErrorCallback)
    HAL_UART_IRQHandler                      0x08003ce1   Thumb Code   530  stm32l0xx_hal_uart.o(i.HAL_UART_IRQHandler)
    HAL_UART_Init                            0x08003f01   Thumb Code   106  stm32l0xx_hal_uart.o(i.HAL_UART_Init)
    HAL_UART_MspInit                         0x08003f6d   Thumb Code   208  usart.o(i.HAL_UART_MspInit)
    HAL_UART_Receive_IT                      0x08004055   Thumb Code    92  stm32l0xx_hal_uart.o(i.HAL_UART_Receive_IT)
    HAL_UART_RxCpltCallback                  0x080040b5   Thumb Code   106  main.o(i.HAL_UART_RxCpltCallback)
    HAL_UART_Transmit                        0x08004135   Thumb Code   210  stm32l0xx_hal_uart.o(i.HAL_UART_Transmit)
    HAL_UART_Transmit_DMA                    0x08004209   Thumb Code   164  stm32l0xx_hal_uart.o(i.HAL_UART_Transmit_DMA)
    HAL_UART_TxCpltCallback                  0x080042b9   Thumb Code     2  stm32l0xx_hal_uart.o(i.HAL_UART_TxCpltCallback)
    HAL_UART_TxHalfCpltCallback              0x080042bb   Thumb Code     2  stm32l0xx_hal_uart.o(i.HAL_UART_TxHalfCpltCallback)
    HW_AdcReadChannel                        0x080042bd   Thumb Code   112  battery_read.o(i.HW_AdcReadChannel)
    HW_GPIO_Init                             0x08004341   Thumb Code    80  weight.o(i.HW_GPIO_Init)
    HX711_Read                               0x08004395   Thumb Code   122  weight.o(i.HX711_Read)
    HardFault_Handler                        0x08004415   Thumb Code     2  stm32l0xx_it.o(i.HardFault_Handler)
    LPM_DisableStopMode                      0x080046fd   Thumb Code    12  lowpower.o(i.LPM_DisableStopMode)
    LPM_EnterStopMode                        0x0800470d   Thumb Code    62  lowpower.o(i.LPM_EnterStopMode)
    LidarLite                                0x08004755   Thumb Code   174  lidar.o(i.LidarLite)
    List_Init                                0x08004871   Thumb Code    34  common.o(i.List_Init)
    MX_ADC_Init                              0x08004899   Thumb Code   100  adc.o(i.MX_ADC_Init)
    MX_DMA_Init                              0x08004909   Thumb Code    36  dma.o(i.MX_DMA_Init)
    MX_GPIO_Init                             0x08004931   Thumb Code   236  gpio.o(i.MX_GPIO_Init)
    MX_I2C1_Init                             0x08004a39   Thumb Code    76  i2c.o(i.MX_I2C1_Init)
    MX_IWDG_Init                             0x08004a91   Thumb Code    32  iwdg.o(i.MX_IWDG_Init)
    MX_LPUART1_UART_Init                     0x08004abd   Thumb Code    58  usart.o(i.MX_LPUART1_UART_Init)
    MX_RTC_Init                              0x08004b01   Thumb Code   204  rtc.o(i.MX_RTC_Init)
    MX_USART2_UART_Init                      0x08004bd5   Thumb Code    48  usart.o(i.MX_USART2_UART_Init)
    My_AlarmInit                             0x08004c0d   Thumb Code   242  time_server.o(i.My_AlarmInit)
    My_UARTEx_StopModeWakeUp                 0x08004d05   Thumb Code    20  usart.o(i.My_UARTEx_StopModeWakeUp)
    NBTASK                                   0x08004d19   Thumb Code  3808  nbinit.o(i.NBTASK)
    NMI_Handler                              0x08005c35   Thumb Code     2  stm32l0xx_it.o(i.NMI_Handler)
    OWFirst                                  0x08005c39   Thumb Code    18  ds18b20.o(i.OWFirst)
    OWReadBit                                0x08005c51   Thumb Code    10  ds18b20.o(i.OWReadBit)
    OWReset                                  0x08005c5b   Thumb Code    18  ds18b20.o(i.OWReset)
    OWSearch                                 0x08005c6d   Thumb Code   202  ds18b20.o(i.OWSearch)
    OWWriteBit                               0x08005d3d   Thumb Code    10  ds18b20.o(i.OWWriteBit)
    OWWriteByte                              0x08005d47   Thumb Code    10  ds18b20.o(i.OWWriteByte)
    PendSV_Handler                           0x08005d51   Thumb Code     2  stm32l0xx_it.o(i.PendSV_Handler)
    RNG_LPUART1_IRQHandler                   0x08005d55   Thumb Code    10  stm32l0xx_it.o(i.RNG_LPUART1_IRQHandler)
    RTC_Bcd2ToByte                           0x08005d65   Thumb Code    16  stm32l0xx_hal_rtc.o(i.RTC_Bcd2ToByte)
    RTC_ByteToBcd2                           0x08005d75   Thumb Code    24  stm32l0xx_hal_rtc.o(i.RTC_ByteToBcd2)
    RTC_EnterInitMode                        0x08005d8d   Thumb Code    56  stm32l0xx_hal_rtc.o(i.RTC_EnterInitMode)
    RTC_IRQHandler                           0x08005dc5   Thumb Code    10  stm32l0xx_it.o(i.RTC_IRQHandler)
    SVC_Handler                              0x08005dd5   Thumb Code     2  stm32l0xx_it.o(i.SVC_Handler)
    StrToHex                                 0x08005dd7   Thumb Code    74  common.o(i.StrToHex)
    SysTick_Handler                          0x08005e21   Thumb Code     8  stm32l0xx_it.o(i.SysTick_Handler)
    SystemClock_Config                       0x08005e29   Thumb Code   144  main.o(i.SystemClock_Config)
    SystemInit                               0x08005ec1   Thumb Code    66  system_stm32l0xx.o(i.SystemInit)
    UART_AdvFeatureConfig                    0x08005f15   Thumb Code   202  stm32l0xx_hal_uart.o(i.UART_AdvFeatureConfig)
    UART_CheckIdleState                      0x08005fe1   Thumb Code    94  stm32l0xx_hal_uart.o(i.UART_CheckIdleState)
    UART_SetConfig                           0x0800620d   Thumb Code   492  stm32l0xx_hal_uart.o(i.UART_SetConfig)
    UART_Start_Receive_IT                    0x08006421   Thumb Code   138  stm32l0xx_hal_uart.o(i.UART_Start_Receive_IT)
    UART_WaitOnFlagUntilTimeout              0x080064b9   Thumb Code   158  stm32l0xx_hal_uart.o(i.UART_WaitOnFlagUntilTimeout)
    ULT_distance                             0x08006559   Thumb Code   186  ultrasound.o(i.ULT_distance)
    USART2_IRQHandler                        0x08006675   Thumb Code    10  stm32l0xx_it.o(i.USART2_IRQHandler)
    WEIGHT_DOUT_Init                         0x080067d1   Thumb Code    50  weight.o(i.WEIGHT_DOUT_Init)
    WEIGHT_SCK_Init                          0x0800680d   Thumb Code    70  weight.o(i.WEIGHT_SCK_Init)
    __0printf                                0x08006859   Thumb Code    24  printfa.o(i.__0printf)
    __1printf                                0x08006859   Thumb Code     0  printfa.o(i.__0printf)
    __2printf                                0x08006859   Thumb Code     0  printfa.o(i.__0printf)
    __c89printf                              0x08006859   Thumb Code     0  printfa.o(i.__0printf)
    printf                                   0x08006859   Thumb Code     0  printfa.o(i.__0printf)
    __0sprintf                               0x08006879   Thumb Code    36  printfa.o(i.__0sprintf)
    __1sprintf                               0x08006879   Thumb Code     0  printfa.o(i.__0sprintf)
    __2sprintf                               0x08006879   Thumb Code     0  printfa.o(i.__0sprintf)
    __c89sprintf                             0x08006879   Thumb Code     0  printfa.o(i.__0sprintf)
    sprintf                                  0x08006879   Thumb Code     0  printfa.o(i.__0sprintf)
    __ARM_clz                                0x080068a1   Thumb Code    46  depilogue.o(i.__ARM_clz)
    __ARM_common_ll_muluu                    0x080068cf   Thumb Code    48  stm32l0xx_hal_rcc.o(i.__ARM_common_ll_muluu)
    __ARM_common_switch8                     0x080068ff   Thumb Code    26  stm32l0xx_hal_dma.o(i.__ARM_common_switch8)
    __aeabi_errno_addr                       0x08006979   Thumb Code     4  errno.o(i.__aeabi_errno_addr)
    __rt_errno_addr                          0x08006979   Thumb Code     0  errno.o(i.__aeabi_errno_addr)
    __scatterload_copy                       0x08006981   Thumb Code    14  handlers.o(i.__scatterload_copy)
    __scatterload_null                       0x0800698f   Thumb Code     2  handlers.o(i.__scatterload_null)
    __scatterload_zeroinit                   0x08006991   Thumb Code    14  handlers.o(i.__scatterload_zeroinit)
    at_5vt_get                               0x0800725d   Thumb Code    30  at.o(i.at_5vt_get)
    at_5vt_set                               0x08007295   Thumb Code    22  at.o(i.at_5vt_set)
    at_cdp_run                               0x080072b1   Thumb Code    14  at.o(i.at_cdp_run)
    at_cdp_set                               0x080072c5   Thumb Code    30  at.o(i.at_cdp_set)
    at_cfg_run                               0x080072e9   Thumb Code    38  at.o(i.at_cfg_run)
    at_cfm_get                               0x08007319   Thumb Code    30  at.o(i.at_cfm_get)
    at_cfm_set                               0x08007351   Thumb Code    30  at.o(i.at_cfm_set)
    at_client_get                            0x08007375   Thumb Code    28  at.o(i.at_client_get)
    at_client_set                            0x080073ad   Thumb Code    62  at.o(i.at_client_set)
    at_cum_get                               0x080073f1   Thumb Code    30  at.o(i.at_cum_get)
    at_cum_set                               0x08007429   Thumb Code    30  at.o(i.at_cum_set)
    at_deui_get                              0x0800744d   Thumb Code    28  at.o(i.at_deui_get)
    at_deui_set                              0x08007485   Thumb Code    68  at.o(i.at_deui_set)
    at_ext_get                               0x080074cd   Thumb Code    30  at.o(i.at_ext_get)
    at_ext_set                               0x08007505   Thumb Code    22  at.o(i.at_ext_set)
    at_fdr_run                               0x08007521   Thumb Code    38  at.o(i.at_fdr_run)
    at_inmod_get                             0x08007555   Thumb Code    30  at.o(i.at_inmod_get)
    at_inmod_set                             0x08007591   Thumb Code    46  at.o(i.at_inmod_set)
    at_ldata_get                             0x080075c5   Thumb Code    44  at.o(i.at_ldata_get)
    at_mod_get                               0x08007615   Thumb Code    30  at.o(i.at_mod_get)
    at_mod_set                               0x08007651   Thumb Code    72  at.o(i.at_mod_set)
    at_model_get                             0x08007715   Thumb Code    28  at.o(i.at_model_get)
    at_pro_get                               0x08007755   Thumb Code    30  at.o(i.at_pro_get)
    at_pro_set                               0x0800778d   Thumb Code    42  at.o(i.at_pro_set)
    at_pubtopic_get                          0x080077bd   Thumb Code    28  at.o(i.at_pubtopic_get)
    at_pubtopic_set                          0x080077f9   Thumb Code    62  at.o(i.at_pubtopic_set)
    at_pwd_get                               0x0800783d   Thumb Code    28  at.o(i.at_pwd_get)
    at_pwd_set                               0x08007871   Thumb Code    62  at.o(i.at_pwd_set)
    at_pword_get                             0x080078b5   Thumb Code    30  at.o(i.at_pword_get)
    at_pword_set                             0x080078f1   Thumb Code    90  at.o(i.at_pword_set)
    at_que                                   0x08007951   Thumb Code    42  at.o(i.at_que)
    at_reset_run                             0x0800798d   Thumb Code     4  at.o(i.at_reset_run)
    at_return_error                          0x08007991   Thumb Code     4  at.o(i.at_return_error)
    at_rxdl_get                              0x08007995   Thumb Code    30  at.o(i.at_rxdl_get)
    at_rxdl_set                              0x080079d1   Thumb Code    22  at.o(i.at_rxdl_set)
    at_servaddr_get                          0x080079ed   Thumb Code    28  at.o(i.at_servaddr_get)
    at_servaddr_set                          0x08007a29   Thumb Code    74  at.o(i.at_servaddr_set)
    at_subtopic_get                          0x08007a79   Thumb Code    28  at.o(i.at_subtopic_get)
    at_subtopic_set                          0x08007ab5   Thumb Code    62  at.o(i.at_subtopic_set)
    at_tdc_get                               0x08007af9   Thumb Code    30  at.o(i.at_tdc_get)
    at_tdc_set                               0x08007b31   Thumb Code    36  at.o(i.at_tdc_set)
    at_uname_get                             0x08007b5d   Thumb Code    28  at.o(i.at_uname_get)
    at_uname_set                             0x08007b95   Thumb Code    62  at.o(i.at_uname_set)
    at_uri_get                               0x08007bd9   Thumb Code    28  at.o(i.at_uri_get)
    at_uri_set                               0x08007c0d   Thumb Code    62  at.o(i.at_uri_set)
    at_weight_GapValue_get                   0x08007c51   Thumb Code    36  at.o(i.at_weight_GapValue_get)
    at_weight_GapValue_set                   0x08007c85   Thumb Code   140  at.o(i.at_weight_GapValue_set)
    at_weight_get                            0x08007d19   Thumb Code    50  at.o(i.at_weight_get)
    at_weight_reset                          0x08007d6d   Thumb Code    22  at.o(i.at_weight_reset)
    config_Get                               0x08007d85   Thumb Code   896  at.o(i.config_Get)
    config_Set                               0x0800813d   Thumb Code   700  at.o(i.config_Set)
    createList                               0x08008419   Thumb Code   136  common.o(i.createList)
    docrc8                                   0x080084a5   Thumb Code    16  ds18b20.o(i.docrc8)
    fputc                                    0x080084b9   Thumb Code    26  usart.o(i.fputc)
    getVoltage                               0x080084d9   Thumb Code    42  battery_read.o(i.getVoltage)
    hexDetection                             0x08008531   Thumb Code    46  at.o(i.hexDetection)
    hexToint                                 0x0800855f   Thumb Code    90  common.o(i.hexToint)
    i2c_device_detection                     0x080085b9   Thumb Code    66  common.o(i.i2c_device_detection)
    led_on                                   0x08008655   Thumb Code    44  common.o(i.led_on)
    main                                     0x08008681   Thumb Code   264  main.o(i.main)
    malloc                                   0x080087c5   Thumb Code    92  malloc.o(i.malloc)
    nb_COAP_close_get                        0x08008831   Thumb Code     6  nb_coap.o(i.nb_COAP_close_get)
    nb_COAP_close_run                        0x0800883d   Thumb Code    66  nb_coap.o(i.nb_COAP_close_run)
    nb_COAP_close_set                        0x08008885   Thumb Code     6  nb_coap.o(i.nb_COAP_close_set)
    nb_COAP_config_get                       0x08008891   Thumb Code     6  nb_coap.o(i.nb_COAP_config_get)
    nb_COAP_config_run                       0x0800889d   Thumb Code    64  nb_coap.o(i.nb_COAP_config_run)
    nb_COAP_config_set                       0x080088e1   Thumb Code     6  nb_coap.o(i.nb_COAP_config_set)
    nb_COAP_open_get                         0x080088ed   Thumb Code     6  nb_coap.o(i.nb_COAP_open_get)
    nb_COAP_open_run                         0x080088f9   Thumb Code    64  nb_coap.o(i.nb_COAP_open_run)
    nb_COAP_open_set                         0x0800893d   Thumb Code     6  nb_coap.o(i.nb_COAP_open_set)
    nb_COAP_option_get                       0x08008949   Thumb Code     6  nb_coap.o(i.nb_COAP_option_get)
    nb_COAP_option_run                       0x08008955   Thumb Code    62  nb_coap.o(i.nb_COAP_option_run)
    nb_COAP_option_set                       0x08008999   Thumb Code    54  nb_coap.o(i.nb_COAP_option_set)
    nb_COAP_read_get                         0x080089f1   Thumb Code     6  nb_coap.o(i.nb_COAP_read_get)
    nb_COAP_read_run                         0x080089fd   Thumb Code     6  nb_coap.o(i.nb_COAP_read_run)
    nb_COAP_read_set                         0x08008a09   Thumb Code     6  nb_coap.o(i.nb_COAP_read_set)
    nb_COAP_send_config_run                  0x08008a15   Thumb Code    38  nb_coap.o(i.nb_COAP_send_config_run)
    nb_COAP_send_config_set                  0x08008a41   Thumb Code    54  nb_coap.o(i.nb_COAP_send_config_set)
    nb_COAP_send_run                         0x08008a9d   Thumb Code    38  nb_coap.o(i.nb_COAP_send_run)
    nb_COAP_send_set                         0x08008ac9   Thumb Code    18  nb_coap.o(i.nb_COAP_send_set)
    nb_COAP_uri_run                          0x08008ae5   Thumb Code    30  nb_coap.o(i.nb_COAP_uri_run)
    nb_MQTT_close_run                        0x08008b25   Thumb Code    38  nb_mqtt.o(i.nb_MQTT_close_run)
    nb_MQTT_close_set                        0x08008b51   Thumb Code     6  nb_mqtt.o(i.nb_MQTT_close_set)
    nb_MQTT_config_set                       0x08008b5d   Thumb Code    42  nb_mqtt.o(i.nb_MQTT_config_set)
    nb_MQTT_conn_run                         0x08008b8d   Thumb Code    36  nb_mqtt.o(i.nb_MQTT_conn_run)
    nb_MQTT_conn_set                         0x08008bb5   Thumb Code   118  nb_mqtt.o(i.nb_MQTT_conn_set)
    nb_MQTT_data_read_run                    0x08008c59   Thumb Code     6  nb_mqtt.o(i.nb_MQTT_data_read_run)
    nb_MQTT_data_read_set                    0x08008c65   Thumb Code    66  nb_mqtt.o(i.nb_MQTT_data_read_set)
    nb_MQTT_open_run                         0x08008cd5   Thumb Code    36  nb_mqtt.o(i.nb_MQTT_open_run)
    nb_MQTT_open_set                         0x08008cfd   Thumb Code   100  nb_mqtt.o(i.nb_MQTT_open_set)
    nb_MQTT_pub_run                          0x08008d85   Thumb Code    40  nb_mqtt.o(i.nb_MQTT_pub_run)
    nb_MQTT_pub_set                          0x08008db1   Thumb Code    54  nb_mqtt.o(i.nb_MQTT_pub_set)
    nb_MQTT_send_run                         0x08008e0d   Thumb Code    38  nb_mqtt.o(i.nb_MQTT_send_run)
    nb_MQTT_send_set                         0x08008e39   Thumb Code    20  nb_mqtt.o(i.nb_MQTT_send_set)
    nb_MQTT_sub_run                          0x08008e55   Thumb Code    38  nb_mqtt.o(i.nb_MQTT_sub_run)
    nb_MQTT_sub_set                          0x08008e81   Thumb Code    54  nb_mqtt.o(i.nb_MQTT_sub_set)
    nb_MQTT_uri_run                          0x08008edd   Thumb Code   128  nb_mqtt.o(i.nb_MQTT_uri_run)
    nb_TCP_close_get                         0x08008fd1   Thumb Code     6  nb_tcp.o(i.nb_TCP_close_get)
    nb_TCP_close_run                         0x08008fdd   Thumb Code    64  nb_tcp.o(i.nb_TCP_close_run)
    nb_TCP_close_set                         0x08009021   Thumb Code    84  nb_tcp.o(i.nb_TCP_close_set)
    nb_TCP_conn_get                          0x08009099   Thumb Code     6  nb_tcp.o(i.nb_TCP_conn_get)
    nb_TCP_conn_run                          0x080090a5   Thumb Code    64  nb_tcp.o(i.nb_TCP_conn_run)
    nb_TCP_conn_set                          0x080090e9   Thumb Code    82  nb_tcp.o(i.nb_TCP_conn_set)
    nb_TCP_open_get                          0x08009165   Thumb Code    36  nb_tcp.o(i.nb_TCP_open_get)
    nb_TCP_open_run                          0x08009191   Thumb Code    68  nb_tcp.o(i.nb_TCP_open_run)
    nb_TCP_open_set                          0x080091d9   Thumb Code     6  nb_tcp.o(i.nb_TCP_open_set)
    nb_TCP_read_get                          0x080091e5   Thumb Code    90  nb_tcp.o(i.nb_TCP_read_get)
    nb_TCP_read_run                          0x08009271   Thumb Code    46  nb_tcp.o(i.nb_TCP_read_run)
    nb_TCP_read_set                          0x080092a9   Thumb Code    84  nb_tcp.o(i.nb_TCP_read_set)
    nb_TCP_send_run                          0x08009325   Thumb Code    50  nb_tcp.o(i.nb_TCP_send_run)
    nb_TCP_send_set                          0x0800935d   Thumb Code   108  nb_tcp.o(i.nb_TCP_send_set)
    nb_TCP_uri_run                           0x080093fd   Thumb Code    80  nb_tcp.o(i.nb_TCP_uri_run)
    nb_UDP_close_get                         0x08009479   Thumb Code     6  nb_udp.o(i.nb_UDP_close_get)
    nb_UDP_close_run                         0x08009485   Thumb Code    56  nb_udp.o(i.nb_UDP_close_run)
    nb_UDP_close_set                         0x080094c1   Thumb Code    84  nb_udp.o(i.nb_UDP_close_set)
    nb_UDP_open_get                          0x08009539   Thumb Code    36  nb_udp.o(i.nb_UDP_open_get)
    nb_UDP_open_run                          0x08009565   Thumb Code    64  nb_udp.o(i.nb_UDP_open_run)
    nb_UDP_open_set                          0x080095a9   Thumb Code     6  nb_udp.o(i.nb_UDP_open_set)
    nb_UDP_read_get                          0x080095b5   Thumb Code    90  nb_udp.o(i.nb_UDP_read_get)
    nb_UDP_read_run                          0x08009641   Thumb Code    46  nb_udp.o(i.nb_UDP_read_run)
    nb_UDP_read_set                          0x08009679   Thumb Code    84  nb_udp.o(i.nb_UDP_read_set)
    nb_UDP_send_run                          0x080096f5   Thumb Code    54  nb_udp.o(i.nb_UDP_send_run)
    nb_UDP_send_set                          0x08009731   Thumb Code   152  nb_udp.o(i.nb_UDP_send_set)
    nb_UDP_uri_run                           0x08009815   Thumb Code    74  nb_udp.o(i.nb_UDP_uri_run)
    nb_at_run                                0x08009891   Thumb Code    10  nbinit.o(i.nb_at_run)
    nb_at_send                               0x080098a1   Thumb Code    94  nbinit.o(i.nb_at_send)
    nb_ate_run                               0x08009909   Thumb Code    10  nbinit.o(i.nb_ate_run)
    nb_cclk_get                              0x08009919   Thumb Code    70  nbinit.o(i.nb_cclk_get)
    nb_cclk_run                              0x08009979   Thumb Code    36  nbinit.o(i.nb_cclk_run)
    nb_cereg_get                             0x080099a5   Thumb Code    98  nbinit.o(i.nb_cereg_get)
    nb_cereg_run                             0x08009a3d   Thumb Code    70  nbinit.o(i.nb_cereg_run)
    nb_cereg_set                             0x08009a89   Thumb Code    50  nbinit.o(i.nb_cereg_set)
    nb_cfun_get                              0x08009add   Thumb Code    64  nbinit.o(i.nb_cfun_get)
    nb_cfun_set                              0x08009b35   Thumb Code    22  nbinit.o(i.nb_cfun_set)
    nb_cgsn_get                              0x08009b51   Thumb Code    64  nbinit.o(i.nb_cgsn_get)
    nb_cimi_get                              0x08009b99   Thumb Code    52  nbinit.o(i.nb_cimi_get)
    nb_cpsms_get                             0x08009bd5   Thumb Code     6  nbinit.o(i.nb_cpsms_get)
    nb_cpsms_run                             0x08009be1   Thumb Code    28  nbinit.o(i.nb_cpsms_run)
    nb_cpsms_set                             0x08009c01   Thumb Code    54  nbinit.o(i.nb_cpsms_set)
    nb_csq_get                               0x08009c69   Thumb Code   102  nbinit.o(i.nb_csq_get)
    nb_nband_get                             0x08009cdd   Thumb Code    60  nbinit.o(i.nb_nband_get)
    nb_nconfig_run                           0x08009d49   Thumb Code    50  nbinit.o(i.nb_nconfig_run)
    nb_nrb_run                               0x08009d81   Thumb Code    10  nbinit.o(i.nb_nrb_run)
    nb_null_run                              0x08009d91   Thumb Code     4  nbinit.o(i.nb_null_run)
    new_firmware_update                      0x08009d95   Thumb Code    46  common.o(i.new_firmware_update)
    printArray                               0x08009dc9   Thumb Code    64  ds18b20.o(i.printArray)
    printList                                0x08009e1d   Thumb Code    48  common.o(i.printList)
    print_all_one_wire                       0x08009e59   Thumb Code    64  ds18b20.o(i.print_all_one_wire)
    product_information_print                0x08009eb1   Thumb Code    54  common.o(i.product_information_print)
    reboot_information_print                 0x08009f41   Thumb Code   130  common.o(i.reboot_information_print)
    rtrim                                    0x0800a0a9   Thumb Code    38  at.o(i.rtrim)
    rxPayLoadDeal                            0x0800a0d1   Thumb Code   166  common.o(i.rxPayLoadDeal)
    sht20Data                                0x0800a1a5   Thumb Code   344  sht20.o(i.sht20Data)
    sht2x_Detect                             0x0800a36d   Thumb Code    64  sht20.o(i.sht2x_Detect)
    sht31Data                                0x0800a3b5   Thumb Code   278  sht31.o(i.sht31Data)
    sht31Init                                0x0800a52d   Thumb Code    34  sht31.o(i.sht31Init)
    sht31LowPower                            0x0800a559   Thumb Code    34  sht31.o(i.sht31LowPower)
    sht3x_Detect                             0x0800a585   Thumb Code    64  sht31.o(i.sht3x_Detect)
    sortList                                 0x0800a5cd   Thumb Code    62  common.o(i.sortList)
    stob                                     0x0800a611   Thumb Code    40  battery_read.o(i.stob)
    string_touint                            0x0800a639   Thumb Code    48  common.o(i.string_touint)
    txPayLoadDeal                            0x0800a671   Thumb Code  1674  common.o(i.txPayLoadDeal)
    upLink_fail_read                         0x0800ad35   Thumb Code   250  common.o(i.upLink_fail_read)
    upLink_fail_write                        0x0800ae3d   Thumb Code   762  common.o(i.upLink_fail_write)
    upLink_flash_clear                       0x0800b151   Thumb Code    62  common.o(i.upLink_flash_clear)
    waitbusy                                 0x0800b199   Thumb Code    76  lidar.o(i.waitbusy)
    pins                                     0x0800b478   Data           8  ds18b20.o(.constdata)
    AHBPrescTable                            0x0800b480   Data          16  system_stm32l0xx.o(.constdata)
    PLLMulTable                              0x0800b490   Data           9  system_stm32l0xx.o(.constdata)
    APBPrescTable                            0x0800b499   Data           8  system_stm32l0xx.o(.constdata)
    __ctype_table                            0x0800b4a1   Data         129  ctype_o.o(.constdata)
    Region$$Table$$Base                      0x0800bdbc   Number         0  anon$$obj.o(Region$$Table)
    Region$$Table$$Limit                     0x0800bddc   Number         0  anon$$obj.o(Region$$Table)
    sys                                      0x20000018   Data          40  common.o(.data)
    sensor                                   0x20000040   Data          60  common.o(.data)
    PAGEError                                0x200000a4   Data           4  flash_eraseprogram.o(.data)
    data32                                   0x200000a8   Data           4  flash_eraseprogram.o(.data)
    crc8                                     0x200000ac   Data           1  ds18b20.o(.data)
    LastDiscrepancy                          0x200000b0   Data           4  ds18b20.o(.data)
    LastFamilyDiscrepancy                    0x200000b4   Data           4  ds18b20.o(.data)
    LastDeviceFlag                           0x200000b8   Data           4  ds18b20.o(.data)
    ROM_NO                                   0x200000bc   Data           8  ds18b20.o(.data)
    HX711_Buffer                             0x200001c4   Data           4  weight.o(.data)
    Weight_Maopi                             0x200001c8   Data           4  weight.o(.data)
    Weight_Shiwu                             0x200001cc   Data           4  weight.o(.data)
    nb                                       0x20000814   Data          56  nbinit.o(.data)
    uwTickFreq                               0x2000214c   Data           1  stm32l0xx_hal.o(.data)
    uwTickPrio                               0x20002150   Data           4  stm32l0xx_hal.o(.data)
    uwTick                                   0x20002154   Data           4  stm32l0xx_hal.o(.data)
    SystemCoreClock                          0x20002158   Data           4  system_stm32l0xx.o(.data)
    __stdout                                 0x2000215c   Data           4  stdout.o(.data)
    __microlib_freelist                      0x20002160   Data           4  mvars.o(.data)
    __microlib_freelist_initialised          0x20002164   Data           4  mvars.o(.data)
    hadc                                     0x20002298   Data          92  adc.o(.bss)
    hi2c1                                    0x200022f4   Data          76  i2c.o(.bss)
    hiwdg                                    0x20002340   Data          16  iwdg.o(.bss)
    hlpuart1                                 0x20002350   Data         132  usart.o(.bss)
    huart2                                   0x200023d4   Data         132  usart.o(.bss)
    hdma_lpuart1_tx                          0x20002458   Data          72  usart.o(.bss)
    hrtc                                     0x200024a0   Data          36  rtc.o(.bss)
    user                                     0x2000270c   Data         421  common.o(.bss)
    ROM_NOs                                  0x20002cc4   Data          32  ds18b20.o(.bss)
    pFlash                                   0x20003344   Data          24  stm32l0xx_hal_flash.o(.bss)
    __heap_base                              0x20003360   Data           0  startup_stm32l072xx.o(HEAP)
    __heap_limit                             0x20003560   Data           0  startup_stm32l072xx.o(HEAP)
    __initial_sp                             0x20003960   Data           0  startup_stm32l072xx.o(STACK)



==============================================================================

Memory Map of the image

  Image Entry point : 0x080000c1

  Load Region LR_IROM1 (Base: 0x08000000, Size: 0x0000df48, Max: 0x00030000, ABSOLUTE, COMPRESSED[0x0000ca74])

    Execution Region ER_IROM1 (Exec base: 0x08000000, Load base: 0x08000000, Size: 0x0000bddc, Max: 0x00030000, ABSOLUTE)

    Exec Addr    Load Addr    Size         Type   Attr      Idx    E Section Name        Object

    0x08000000   0x08000000   0x000000c0   Data   RO            3    RESET               startup_stm32l072xx.o
    0x080000c0   0x080000c0   0x00000000   Code   RO         5100  * .ARM.Collect$$$$00000000  mc_p.l(entry.o)
    0x080000c0   0x080000c0   0x00000004   Code   RO         5481    .ARM.Collect$$$$00000001  mc_p.l(entry2.o)
    0x080000c4   0x080000c4   0x00000004   Code   RO         5484    .ARM.Collect$$$$00000004  mc_p.l(entry5.o)
    0x080000c8   0x080000c8   0x00000000   Code   RO         5486    .ARM.Collect$$$$00000008  mc_p.l(entry7b.o)
    0x080000c8   0x080000c8   0x00000000   Code   RO         5488    .ARM.Collect$$$$0000000A  mc_p.l(entry8b.o)
    0x080000c8   0x080000c8   0x00000008   Code   RO         5489    .ARM.Collect$$$$0000000B  mc_p.l(entry9a.o)
    0x080000d0   0x080000d0   0x00000004   Code   RO         5496    .ARM.Collect$$$$0000000E  mc_p.l(entry12b.o)
    0x080000d4   0x080000d4   0x00000000   Code   RO         5491    .ARM.Collect$$$$0000000F  mc_p.l(entry10a.o)
    0x080000d4   0x080000d4   0x00000000   Code   RO         5493    .ARM.Collect$$$$00000011  mc_p.l(entry11a.o)
    0x080000d4   0x080000d4   0x00000004   Code   RO         5482    .ARM.Collect$$$$00002712  mc_p.l(entry2.o)
    0x080000d8   0x080000d8   0x0000001c   Code   RO            4    .text               startup_stm32l072xx.o
    0x080000f4   0x080000f4   0x0000002c   Code   RO         5103    .text               mc_p.l(uidiv.o)
    0x08000120   0x08000120   0x00000060   Code   RO         5105    .text               mc_p.l(uldiv.o)
    0x08000180   0x08000180   0x00000008   Code   RO         5107    .text               mc_p.l(ctype_o.o)
    0x08000188   0x08000188   0x0000000c   Code   RO         5135    .text               mc_p.l(toupper.o)
    0x08000194   0x08000194   0x0000000c   Code   RO         5137    .text               mc_p.l(tolower.o)
    0x080001a0   0x080001a0   0x0000008c   Code   RO         5139    .text               mc_p.l(mktime.o)
    0x0800022c   0x0800022c   0x00000024   Code   RO         5142    .text               mc_p.l(memcpya.o)
    0x08000250   0x08000250   0x00000024   Code   RO         5144    .text               mc_p.l(memseta.o)
    0x08000274   0x08000274   0x00000018   Code   RO         5146    .text               mc_p.l(strcat.o)
    0x0800028c   0x0800028c   0x00000028   Code   RO         5148    .text               mc_p.l(strstr.o)
    0x080002b4   0x080002b4   0x0000001a   Code   RO         5150    .text               mc_p.l(strncpy.o)
    0x080002ce   0x080002ce   0x00000014   Code   RO         5152    .text               mc_p.l(strchr.o)
    0x080002e2   0x080002e2   0x0000000e   Code   RO         5154    .text               mc_p.l(strlen.o)
    0x080002f0   0x080002f0   0x0000001c   Code   RO         5156    .text               mc_p.l(strcmp.o)
    0x0800030c   0x0800030c   0x00000016   Code   RO         5158    .text               mc_p.l(strrchr.o)
    0x08000322   0x08000322   0x0000001a   Code   RO         5451    .text               mc_p.l(atoi.o)
    0x0800033c   0x0800033c   0x0000007a   Code   RO         5453    .text               mf_p.l(fmul.o)
    0x080003b6   0x080003b6   0x0000007c   Code   RO         5455    .text               mf_p.l(fdiv.o)
    0x08000432   0x08000432   0x00000002   PAD
    0x08000434   0x08000434   0x00000168   Code   RO         5457    .text               mf_p.l(dadd.o)
    0x0800059c   0x0800059c   0x000000d0   Code   RO         5459    .text               mf_p.l(dmul.o)
    0x0800066c   0x0800066c   0x000000f0   Code   RO         5461    .text               mf_p.l(ddiv.o)
    0x0800075c   0x0800075c   0x0000002c   Code   RO         5463    .text               mf_p.l(dscalb.o)
    0x08000788   0x08000788   0x00000016   Code   RO         5465    .text               mf_p.l(fflti.o)
    0x0800079e   0x0800079e   0x0000000e   Code   RO         5467    .text               mf_p.l(ffltui.o)
    0x080007ac   0x080007ac   0x00000028   Code   RO         5469    .text               mf_p.l(dflti.o)
    0x080007d4   0x080007d4   0x0000001c   Code   RO         5471    .text               mf_p.l(dfltui.o)
    0x080007f0   0x080007f0   0x00000032   Code   RO         5473    .text               mf_p.l(ffixi.o)
    0x08000822   0x08000822   0x00000028   Code   RO         5475    .text               mf_p.l(ffixui.o)
    0x0800084a   0x0800084a   0x00000028   Code   RO         5477    .text               mf_p.l(f2d.o)
    0x08000872   0x08000872   0x00000038   Code   RO         5479    .text               mf_p.l(d2f.o)
    0x080008aa   0x080008aa   0x00000028   Code   RO         5498    .text               mc_p.l(idiv.o)
    0x080008d2   0x080008d2   0x00000020   Code   RO         5500    .text               mc_p.l(llshl.o)
    0x080008f2   0x080008f2   0x00000022   Code   RO         5502    .text               mc_p.l(llushr.o)
    0x08000914   0x08000914   0x00000026   Code   RO         5504    .text               mc_p.l(llsshr.o)
    0x0800093a   0x0800093a   0x00000002   PAD
    0x0800093c   0x0800093c   0x00000074   Code   RO         5509    .text               mc_p.l(localtime_i.o)
    0x080009b0   0x080009b0   0x00000070   Code   RO         5521    .text               mc_p.l(strtol.o)
    0x08000a20   0x08000a20   0x00000000   Code   RO         5523    .text               mc_p.l(iusefp.o)
    0x08000a20   0x08000a20   0x00000082   Code   RO         5524    .text               mf_p.l(fepilogue.o)
    0x08000aa2   0x08000aa2   0x000000be   Code   RO         5526    .text               mf_p.l(depilogue.o)
    0x08000b60   0x08000b60   0x00000040   Code   RO         5530    .text               mf_p.l(dfixul.o)
    0x08000ba0   0x08000ba0   0x00000028   Code   RO         5532    .text               mf_p.l(cdrcmple.o)
    0x08000bc8   0x08000bc8   0x00000024   Code   RO         5534    .text               mc_p.l(init.o)
    0x08000bec   0x08000bec   0x000000a6   Code   RO         5536    .text               mc_p.l(_strtoul.o)
    0x08000c92   0x08000c92   0x0000001e   Code   RO         5538    .text               mc_p.l(_chval.o)
    0x08000cb0   0x08000cb0   0x00000056   Code   RO         5548    .text               mc_p.l(__dczerorl2.o)
    0x08000d06   0x08000d06   0x00000002   PAD
    0x08000d08   0x08000d08   0x0000011c   Code   RO          984    i.ADCModel          battery_read.o
    0x08000e24   0x08000e24   0x00000024   Code   RO         2246    i.ADC_DelayMicroSecond  stm32l0xx_hal_adc.o
    0x08000e48   0x08000e48   0x00000064   Code   RO         2248    i.ADC_Enable        stm32l0xx_hal_adc.o
    0x08000eac   0x08000eac   0x000000dc   Code   RO          614    i.ATInsPro          at.o
    0x08000f88   0x08000f88   0x00000010   Code   RO          516    i.DMA1_Channel2_3_IRQHandler  stm32l0xx_it.o
    0x08000f98   0x08000f98   0x0000002c   Code   RO         3744    i.DMA_SetConfig     stm32l0xx_hal_dma.o
    0x08000fc4   0x08000fc4   0x000000e8   Code   RO         1264    i.DS18B20_GetTemp_SelectRom  ds18b20.o
    0x080010ac   0x080010ac   0x000000e8   Code   RO         1265    i.DS18B20_GetTemp_SkipRom  ds18b20.o
    0x08001194   0x08001194   0x00000040   Code   RO         1266    i.DS18B20_IoDeInit  ds18b20.o
    0x080011d4   0x080011d4   0x00000040   Code   RO         1267    i.DS18B20_Mode_IPU  ds18b20.o
    0x08001214   0x08001214   0x00000040   Code   RO         1268    i.DS18B20_Mode_Out_PP  ds18b20.o
    0x08001254   0x08001254   0x0000006c   Code   RO         1269    i.DS18B20_Presence  ds18b20.o
    0x080012c0   0x080012c0   0x0000004c   Code   RO         1270    i.DS18B20_ReadBit   ds18b20.o
    0x0800130c   0x0800130c   0x00000020   Code   RO         1271    i.DS18B20_ReadByte  ds18b20.o
    0x0800132c   0x0800132c   0x00000044   Code   RO         1272    i.DS18B20_Rst       ds18b20.o
    0x08001370   0x08001370   0x00000038   Code   RO         1273    i.DS18B20_SelectRom  ds18b20.o
    0x080013a8   0x080013a8   0x00000018   Code   RO         1274    i.DS18B20_SkipRom   ds18b20.o
    0x080013c0   0x080013c0   0x00000060   Code   RO         1275    i.DS18B20_WriteBit  ds18b20.o
    0x08001420   0x08001420   0x00000024   Code   RO         1276    i.DS18B20_WriteByte  ds18b20.o
    0x08001444   0x08001444   0x00000016   Code   RO         1277    i.DS18B20_delay     ds18b20.o
    0x0800145a   0x0800145a   0x00000014   Code   RO          517    i.EXTI4_15_IRQHandler  stm32l0xx_it.o
    0x0800146e   0x0800146e   0x00000002   PAD
    0x08001470   0x08001470   0x0000010c   Code   RO         1025    i.EX_GPIO_Init      common.o
    0x0800157c   0x0800157c   0x00000002   Code   RO           12    i.Error_Handler     main.o
    0x0800157e   0x0800157e   0x00000002   PAD
    0x08001580   0x08001580   0x0000002c   Code   RO         3574    i.FLASH_PageErase   stm32l0xx_hal_flash_ex.o
    0x080015ac   0x080015ac   0x00000090   Code   RO         3476    i.FLASH_SetErrorCode  stm32l0xx_hal_flash.o
    0x0800163c   0x0800163c   0x00000070   Code   RO         3477    i.FLASH_WaitForLastOperation  stm32l0xx_hal_flash.o
    0x080016ac   0x080016ac   0x00000058   Code   RO         1167    i.FLASH_erase       flash_eraseprogram.o
    0x08001704   0x08001704   0x00000074   Code   RO         1168    i.FLASH_program     flash_eraseprogram.o
    0x08001778   0x08001778   0x00000010   Code   RO         1169    i.FLASH_read        flash_eraseprogram.o
    0x08001788   0x08001788   0x0000003c   Code   RO         1530    i.GPIO_ULT_INPUT_DeInit  ultrasound.o
    0x080017c4   0x080017c4   0x00000038   Code   RO         1531    i.GPIO_ULT_INPUT_Init  ultrasound.o
    0x080017fc   0x080017fc   0x0000003c   Code   RO         1532    i.GPIO_ULT_OUTPUT_DeInit  ultrasound.o
    0x08001838   0x08001838   0x00000040   Code   RO         1533    i.GPIO_ULT_OUTPUT_Init  ultrasound.o
    0x08001878   0x08001878   0x00000068   Code   RO         1229    i.GetTick           time_server.o
    0x080018e0   0x080018e0   0x00000010   Code   RO         1574    i.Get_Maopi         weight.o
    0x080018f0   0x080018f0   0x00000048   Code   RO         1575    i.Get_Weight        weight.o
    0x08001938   0x08001938   0x000000aa   Code   RO         2425    i.HAL_ADCEx_Calibration_Start  stm32l0xx_hal_adc_ex.o
    0x080019e2   0x080019e2   0x00000002   PAD
    0x080019e4   0x080019e4   0x00000094   Code   RO         2250    i.HAL_ADC_ConfigChannel  stm32l0xx_hal_adc.o
    0x08001a78   0x08001a78   0x00000006   Code   RO         2257    i.HAL_ADC_GetValue  stm32l0xx_hal_adc.o
    0x08001a7e   0x08001a7e   0x00000002   PAD
    0x08001a80   0x08001a80   0x000001c8   Code   RO         2259    i.HAL_ADC_Init      stm32l0xx_hal_adc.o
    0x08001c48   0x08001c48   0x0000001c   Code   RO          300    i.HAL_ADC_MspInit   adc.o
    0x08001c64   0x08001c64   0x000000c0   Code   RO         2263    i.HAL_ADC_PollForConversion  stm32l0xx_hal_adc.o
    0x08001d24   0x08001d24   0x0000005c   Code   RO         2265    i.HAL_ADC_Start     stm32l0xx_hal_adc.o
    0x08001d80   0x08001d80   0x00000044   Code   RO         3745    i.HAL_DMA_Abort     stm32l0xx_hal_dma.o
    0x08001dc4   0x08001dc4   0x0000004c   Code   RO         3746    i.HAL_DMA_Abort_IT  stm32l0xx_hal_dma.o
    0x08001e10   0x08001e10   0x000000a8   Code   RO         3750    i.HAL_DMA_IRQHandler  stm32l0xx_hal_dma.o
    0x08001eb8   0x08001eb8   0x00000090   Code   RO         3751    i.HAL_DMA_Init      stm32l0xx_hal_dma.o
    0x08001f48   0x08001f48   0x00000068   Code   RO         3755    i.HAL_DMA_Start_IT  stm32l0xx_hal_dma.o
    0x08001fb0   0x08001fb0   0x00000024   Code   RO         2488    i.HAL_Delay         stm32l0xx_hal.o
    0x08001fd4   0x08001fd4   0x00000014   Code   RO         3580    i.HAL_FLASHEx_DATAEEPROM_Lock  stm32l0xx_hal_flash_ex.o
    0x08001fe8   0x08001fe8   0x00000054   Code   RO         3581    i.HAL_FLASHEx_DATAEEPROM_Program  stm32l0xx_hal_flash_ex.o
    0x0800203c   0x0800203c   0x00000034   Code   RO         3582    i.HAL_FLASHEx_DATAEEPROM_Unlock  stm32l0xx_hal_flash_ex.o
    0x08002070   0x08002070   0x00000078   Code   RO         3583    i.HAL_FLASHEx_Erase  stm32l0xx_hal_flash_ex.o
    0x080020e8   0x080020e8   0x0000000c   Code   RO         3479    i.HAL_FLASH_GetError  stm32l0xx_hal_flash.o
    0x080020f4   0x080020f4   0x0000001c   Code   RO         3481    i.HAL_FLASH_Lock    stm32l0xx_hal_flash.o
    0x08002110   0x08002110   0x0000003c   Code   RO         3486    i.HAL_FLASH_Program  stm32l0xx_hal_flash.o
    0x0800214c   0x0800214c   0x0000005c   Code   RO         3488    i.HAL_FLASH_Unlock  stm32l0xx_hal_flash.o
    0x080021a8   0x080021a8   0x0000005c   Code   RO           13    i.HAL_GPIO_EXTI_Callback  main.o
    0x08002204   0x08002204   0x00000018   Code   RO         3684    i.HAL_GPIO_EXTI_IRQHandler  stm32l0xx_hal_gpio.o
    0x0800221c   0x0800221c   0x00000184   Code   RO         3685    i.HAL_GPIO_Init     stm32l0xx_hal_gpio.o
    0x080023a0   0x080023a0   0x0000000a   Code   RO         3687    i.HAL_GPIO_ReadPin  stm32l0xx_hal_gpio.o
    0x080023aa   0x080023aa   0x0000000c   Code   RO         3689    i.HAL_GPIO_WritePin  stm32l0xx_hal_gpio.o
    0x080023b6   0x080023b6   0x00000002   PAD
    0x080023b8   0x080023b8   0x0000000c   Code   RO         2492    i.HAL_GetTick       stm32l0xx_hal.o
    0x080023c4   0x080023c4   0x0000004a   Code   RO         3143    i.HAL_I2CEx_ConfigAnalogFilter  stm32l0xx_hal_i2c_ex.o
    0x0800240e   0x0800240e   0x00000048   Code   RO         3144    i.HAL_I2CEx_ConfigDigitalFilter  stm32l0xx_hal_i2c_ex.o
    0x08002456   0x08002456   0x00000002   PAD
    0x08002458   0x08002458   0x000000b4   Code   RO         2696    i.HAL_I2C_Init      stm32l0xx_hal_i2c.o
    0x0800250c   0x0800250c   0x00000110   Code   RO         2702    i.HAL_I2C_Master_Receive  stm32l0xx_hal_i2c.o
    0x0800261c   0x0800261c   0x00000110   Code   RO         2709    i.HAL_I2C_Master_Transmit  stm32l0xx_hal_i2c.o
    0x0800272c   0x0800272c   0x00000154   Code   RO         2714    i.HAL_I2C_Mem_Read  stm32l0xx_hal_i2c.o
    0x08002880   0x08002880   0x0000014c   Code   RO         2717    i.HAL_I2C_Mem_Write  stm32l0xx_hal_i2c.o
    0x080029cc   0x080029cc   0x0000005c   Code   RO          358    i.HAL_I2C_MspInit   i2c.o
    0x08002a28   0x08002a28   0x00000064   Code   RO         4189    i.HAL_IWDG_Init     stm32l0xx_hal_iwdg.o
    0x08002a8c   0x08002a8c   0x00000010   Code   RO         4190    i.HAL_IWDG_Refresh  stm32l0xx_hal_iwdg.o
    0x08002a9c   0x08002a9c   0x00000010   Code   RO         2498    i.HAL_IncTick       stm32l0xx_hal.o
    0x08002aac   0x08002aac   0x00000028   Code   RO         2499    i.HAL_Init          stm32l0xx_hal.o
    0x08002ad4   0x08002ad4   0x00000044   Code   RO         2500    i.HAL_InitTick      stm32l0xx_hal.o
    0x08002b18   0x08002b18   0x00000018   Code   RO          594    i.HAL_MspInit       stm32l0xx_hal_msp.o
    0x08002b30   0x08002b30   0x00000018   Code   RO         4014    i.HAL_NVIC_EnableIRQ  stm32l0xx_hal_cortex.o
    0x08002b48   0x08002b48   0x00000008   Code   RO         4018    i.HAL_NVIC_SetPriority  stm32l0xx_hal_cortex.o
    0x08002b50   0x08002b50   0x00000010   Code   RO         3956    i.HAL_PWREx_EnableFastWakeUp  stm32l0xx_hal_pwr_ex.o
    0x08002b60   0x08002b60   0x00000010   Code   RO         3958    i.HAL_PWREx_EnableUltraLowPower  stm32l0xx_hal_pwr_ex.o
    0x08002b70   0x08002b70   0x00000010   Code   RO         3844    i.HAL_PWR_EnableBkUpAccess  stm32l0xx_hal_pwr.o
    0x08002b80   0x08002b80   0x00000064   Code   RO         3851    i.HAL_PWR_EnterSTOPMode  stm32l0xx_hal_pwr.o
    0x08002be4   0x08002be4   0x0000018c   Code   RO         3305    i.HAL_RCCEx_PeriphCLKConfig  stm32l0xx_hal_rcc_ex.o
    0x08002d70   0x08002d70   0x0000019c   Code   RO         3194    i.HAL_RCC_ClockConfig  stm32l0xx_hal_rcc.o
    0x08002f0c   0x08002f0c   0x00000020   Code   RO         3200    i.HAL_RCC_GetPCLK1Freq  stm32l0xx_hal_rcc.o
    0x08002f2c   0x08002f2c   0x00000020   Code   RO         3201    i.HAL_RCC_GetPCLK2Freq  stm32l0xx_hal_rcc.o
    0x08002f4c   0x08002f4c   0x00000078   Code   RO         3202    i.HAL_RCC_GetSysClockFreq  stm32l0xx_hal_rcc.o
    0x08002fc4   0x08002fc4   0x0000049e   Code   RO         3205    i.HAL_RCC_OscConfig  stm32l0xx_hal_rcc.o
    0x08003462   0x08003462   0x00000002   PAD
    0x08003464   0x08003464   0x00000070   Code   RO           14    i.HAL_RTCEx_AlarmBEventCallback  main.o
    0x080034d4   0x080034d4   0x00000028   Code   RO           15    i.HAL_RTC_AlarmAEventCallback  main.o
    0x080034fc   0x080034fc   0x00000060   Code   RO         4684    i.HAL_RTC_AlarmIRQHandler  stm32l0xx_hal_rtc.o
    0x0800355c   0x0800355c   0x000000b8   Code   RO         4686    i.HAL_RTC_DeactivateAlarm  stm32l0xx_hal_rtc.o
    0x08003614   0x08003614   0x00000044   Code   RO         4688    i.HAL_RTC_GetDate   stm32l0xx_hal_rtc.o
    0x08003658   0x08003658   0x0000005c   Code   RO         4690    i.HAL_RTC_GetTime   stm32l0xx_hal_rtc.o
    0x080036b4   0x080036b4   0x000000bc   Code   RO         4691    i.HAL_RTC_Init      stm32l0xx_hal_rtc.o
    0x08003770   0x08003770   0x00000030   Code   RO          479    i.HAL_RTC_MspInit   rtc.o
    0x080037a0   0x080037a0   0x00000190   Code   RO         4696    i.HAL_RTC_SetAlarm_IT  stm32l0xx_hal_rtc.o
    0x08003930   0x08003930   0x000000c4   Code   RO         4697    i.HAL_RTC_SetDate   stm32l0xx_hal_rtc.o
    0x080039f4   0x080039f4   0x000000e8   Code   RO         4698    i.HAL_RTC_SetTime   stm32l0xx_hal_rtc.o
    0x08003adc   0x08003adc   0x00000034   Code   RO         4699    i.HAL_RTC_WaitForSynchro  stm32l0xx_hal_rtc.o
    0x08003b10   0x08003b10   0x00000010   Code   RO         2503    i.HAL_ResumeTick    stm32l0xx_hal.o
    0x08003b20   0x08003b20   0x00000030   Code   RO         4022    i.HAL_SYSTICK_Config  stm32l0xx_hal_cortex.o
    0x08003b50   0x08003b50   0x00000010   Code   RO         2509    i.HAL_SuspendTick   stm32l0xx_hal.o
    0x08003b60   0x08003b60   0x00000022   Code   RO         4608    i.HAL_UARTEx_EnableStopMode  stm32l0xx_hal_uart_ex.o
    0x08003b82   0x08003b82   0x00000002   Code   RO         4224    i.HAL_UARTEx_RxEventCallback  stm32l0xx_hal_uart.o
    0x08003b84   0x08003b84   0x00000098   Code   RO         4612    i.HAL_UARTEx_StopModeWakeUpSourceConfig  stm32l0xx_hal_uart_ex.o
    0x08003c1c   0x08003c1c   0x00000002   Code   RO         4613    i.HAL_UARTEx_WakeupCallback  stm32l0xx_hal_uart_ex.o
    0x08003c1e   0x08003c1e   0x00000002   PAD
    0x08003c20   0x08003c20   0x000000c0   Code   RO           16    i.HAL_UART_ErrorCallback  main.o
    0x08003ce0   0x08003ce0   0x00000220   Code   RO         4243    i.HAL_UART_IRQHandler  stm32l0xx_hal_uart.o
    0x08003f00   0x08003f00   0x0000006a   Code   RO         4244    i.HAL_UART_Init     stm32l0xx_hal_uart.o
    0x08003f6a   0x08003f6a   0x00000002   PAD
    0x08003f6c   0x08003f6c   0x000000e8   Code   RO          422    i.HAL_UART_MspInit  usart.o
    0x08004054   0x08004054   0x00000060   Code   RO         4249    i.HAL_UART_Receive_IT  stm32l0xx_hal_uart.o
    0x080040b4   0x080040b4   0x00000080   Code   RO           17    i.HAL_UART_RxCpltCallback  main.o
    0x08004134   0x08004134   0x000000d2   Code   RO         4253    i.HAL_UART_Transmit  stm32l0xx_hal_uart.o
    0x08004206   0x08004206   0x00000002   PAD
    0x08004208   0x08004208   0x000000b0   Code   RO         4254    i.HAL_UART_Transmit_DMA  stm32l0xx_hal_uart.o
    0x080042b8   0x080042b8   0x00000002   Code   RO         4256    i.HAL_UART_TxCpltCallback  stm32l0xx_hal_uart.o
    0x080042ba   0x080042ba   0x00000002   Code   RO         4257    i.HAL_UART_TxHalfCpltCallback  stm32l0xx_hal_uart.o
    0x080042bc   0x080042bc   0x00000084   Code   RO          985    i.HW_AdcReadChannel  battery_read.o
    0x08004340   0x08004340   0x00000054   Code   RO         1576    i.HW_GPIO_Init      weight.o
    0x08004394   0x08004394   0x00000080   Code   RO         1577    i.HX711_Read        weight.o
    0x08004414   0x08004414   0x00000002   Code   RO          518    i.HardFault_Handler  stm32l0xx_it.o
    0x08004416   0x08004416   0x00000022   Code   RO         2743    i.I2C_Flush_TXDR    stm32l0xx_hal_i2c.o
    0x08004438   0x08004438   0x00000070   Code   RO         2751    i.I2C_IsAcknowledgeFailed  stm32l0xx_hal_i2c.o
    0x080044a8   0x080044a8   0x00000060   Code   RO         2754    i.I2C_RequestMemoryRead  stm32l0xx_hal_i2c.o
    0x08004508   0x08004508   0x00000060   Code   RO         2755    i.I2C_RequestMemoryWrite  stm32l0xx_hal_i2c.o
    0x08004568   0x08004568   0x00000028   Code   RO         2758    i.I2C_TransferConfig  stm32l0xx_hal_i2c.o
    0x08004590   0x08004590   0x0000004e   Code   RO         2760    i.I2C_WaitOnFlagUntilTimeout  stm32l0xx_hal_i2c.o
    0x080045de   0x080045de   0x00000002   PAD
    0x080045e0   0x080045e0   0x00000080   Code   RO         2761    i.I2C_WaitOnRXNEFlagUntilTimeout  stm32l0xx_hal_i2c.o
    0x08004660   0x08004660   0x0000004c   Code   RO         2762    i.I2C_WaitOnSTOPFlagUntilTimeout  stm32l0xx_hal_i2c.o
    0x080046ac   0x080046ac   0x00000050   Code   RO         2763    i.I2C_WaitOnTXISFlagUntilTimeout  stm32l0xx_hal_i2c.o
    0x080046fc   0x080046fc   0x00000010   Code   RO         1203    i.LPM_DisableStopMode  lowpower.o
    0x0800470c   0x0800470c   0x00000048   Code   RO         1204    i.LPM_EnterStopMode  lowpower.o
    0x08004754   0x08004754   0x0000011c   Code   RO         1441    i.LidarLite         lidar.o
    0x08004870   0x08004870   0x00000028   Code   RO         1026    i.List_Init         common.o
    0x08004898   0x08004898   0x00000070   Code   RO          301    i.MX_ADC_Init       adc.o
    0x08004908   0x08004908   0x00000028   Code   RO          337    i.MX_DMA_Init       dma.o
    0x08004930   0x08004930   0x00000108   Code   RO          279    i.MX_GPIO_Init      gpio.o
    0x08004a38   0x08004a38   0x00000058   Code   RO          359    i.MX_I2C1_Init      i2c.o
    0x08004a90   0x08004a90   0x0000002c   Code   RO          395    i.MX_IWDG_Init      iwdg.o
    0x08004abc   0x08004abc   0x00000044   Code   RO          423    i.MX_LPUART1_UART_Init  usart.o
    0x08004b00   0x08004b00   0x000000d4   Code   RO          480    i.MX_RTC_Init       rtc.o
    0x08004bd4   0x08004bd4   0x00000038   Code   RO          424    i.MX_USART2_UART_Init  usart.o
    0x08004c0c   0x08004c0c   0x000000f8   Code   RO         1230    i.My_AlarmInit      time_server.o
    0x08004d04   0x08004d04   0x00000014   Code   RO          425    i.My_UARTEx_StopModeWakeUp  usart.o
    0x08004d18   0x08004d18   0x00000f1c   Code   RO         1627    i.NBTASK            nbinit.o
    0x08005c34   0x08005c34   0x00000002   Code   RO          519    i.NMI_Handler       stm32l0xx_it.o
    0x08005c36   0x08005c36   0x00000002   PAD
    0x08005c38   0x08005c38   0x00000018   Code   RO         1280    i.OWFirst           ds18b20.o
    0x08005c50   0x08005c50   0x0000000a   Code   RO         1282    i.OWReadBit         ds18b20.o
    0x08005c5a   0x08005c5a   0x00000012   Code   RO         1283    i.OWReset           ds18b20.o
    0x08005c6c   0x08005c6c   0x000000d0   Code   RO         1284    i.OWSearch          ds18b20.o
    0x08005d3c   0x08005d3c   0x0000000a   Code   RO         1287    i.OWWriteBit        ds18b20.o
    0x08005d46   0x08005d46   0x0000000a   Code   RO         1288    i.OWWriteByte       ds18b20.o
    0x08005d50   0x08005d50   0x00000002   Code   RO          520    i.PendSV_Handler    stm32l0xx_it.o
    0x08005d52   0x08005d52   0x00000002   PAD
    0x08005d54   0x08005d54   0x00000010   Code   RO          521    i.RNG_LPUART1_IRQHandler  stm32l0xx_it.o
    0x08005d64   0x08005d64   0x00000010   Code   RO         4700    i.RTC_Bcd2ToByte    stm32l0xx_hal_rtc.o
    0x08005d74   0x08005d74   0x00000018   Code   RO         4701    i.RTC_ByteToBcd2    stm32l0xx_hal_rtc.o
    0x08005d8c   0x08005d8c   0x00000038   Code   RO         4702    i.RTC_EnterInitMode  stm32l0xx_hal_rtc.o
    0x08005dc4   0x08005dc4   0x00000010   Code   RO          522    i.RTC_IRQHandler    stm32l0xx_it.o
    0x08005dd4   0x08005dd4   0x00000002   Code   RO          523    i.SVC_Handler       stm32l0xx_it.o
    0x08005dd6   0x08005dd6   0x0000004a   Code   RO         1027    i.StrToHex          common.o
    0x08005e20   0x08005e20   0x00000008   Code   RO          524    i.SysTick_Handler   stm32l0xx_it.o
    0x08005e28   0x08005e28   0x00000098   Code   RO           18    i.SystemClock_Config  main.o
    0x08005ec0   0x08005ec0   0x00000054   Code   RO         5069    i.SystemInit        system_stm32l0xx.o
    0x08005f14   0x08005f14   0x000000ca   Code   RO         4258    i.UART_AdvFeatureConfig  stm32l0xx_hal_uart.o
    0x08005fde   0x08005fde   0x00000002   PAD
    0x08005fe0   0x08005fe0   0x00000064   Code   RO         4259    i.UART_CheckIdleState  stm32l0xx_hal_uart.o
    0x08006044   0x08006044   0x00000014   Code   RO         4260    i.UART_DMAAbortOnError  stm32l0xx_hal_uart.o
    0x08006058   0x08006058   0x0000004c   Code   RO         4261    i.UART_DMAError     stm32l0xx_hal_uart.o
    0x080060a4   0x080060a4   0x00000030   Code   RO         4266    i.UART_DMATransmitCplt  stm32l0xx_hal_uart.o
    0x080060d4   0x080060d4   0x0000000a   Code   RO         4268    i.UART_DMATxHalfCplt  stm32l0xx_hal_uart.o
    0x080060de   0x080060de   0x00000032   Code   RO         4270    i.UART_EndRxTransfer  stm32l0xx_hal_uart.o
    0x08006110   0x08006110   0x00000010   Code   RO         4271    i.UART_EndTxTransfer  stm32l0xx_hal_uart.o
    0x08006120   0x08006120   0x00000076   Code   RO         4272    i.UART_RxISR_16BIT  stm32l0xx_hal_uart.o
    0x08006196   0x08006196   0x00000076   Code   RO         4273    i.UART_RxISR_8BIT   stm32l0xx_hal_uart.o
    0x0800620c   0x0800620c   0x00000214   Code   RO         4274    i.UART_SetConfig    stm32l0xx_hal_uart.o
    0x08006420   0x08006420   0x00000098   Code   RO         4276    i.UART_Start_Receive_IT  stm32l0xx_hal_uart.o
    0x080064b8   0x080064b8   0x0000009e   Code   RO         4279    i.UART_WaitOnFlagUntilTimeout  stm32l0xx_hal_uart.o
    0x08006556   0x08006556   0x00000002   PAD
    0x08006558   0x08006558   0x0000011c   Code   RO         1534    i.ULT_distance      ultrasound.o
    0x08006674   0x08006674   0x00000010   Code   RO          525    i.USART2_IRQHandler  stm32l0xx_it.o
    0x08006684   0x08006684   0x0000014c   Code   RO           19    i.USERTASK          main.o
    0x080067d0   0x080067d0   0x0000003c   Code   RO         1578    i.WEIGHT_DOUT_Init  weight.o
    0x0800680c   0x0800680c   0x0000004c   Code   RO         1579    i.WEIGHT_SCK_Init   weight.o
    0x08006858   0x08006858   0x00000020   Code   RO         5395    i.__0printf         mc_p.l(printfa.o)
    0x08006878   0x08006878   0x00000028   Code   RO         5397    i.__0sprintf        mc_p.l(printfa.o)
    0x080068a0   0x080068a0   0x0000002e   Code   RO         5528    i.__ARM_clz         mf_p.l(depilogue.o)
    0x080068ce   0x080068ce   0x00000030   Code   RO         3279    i.__ARM_common_ll_muluu  stm32l0xx_hal_rcc.o
    0x080068fe   0x080068fe   0x0000001a   Code   RO         3830    i.__ARM_common_switch8  stm32l0xx_hal_dma.o
    0x08006918   0x08006918   0x00000044   Code   RO         4024    i.__NVIC_SetPriority  stm32l0xx_hal_cortex.o
    0x0800695c   0x0800695c   0x0000001c   Code   RO          615    i.__NVIC_SystemReset  at.o
    0x08006978   0x08006978   0x00000008   Code   RO         5514    i.__aeabi_errno_addr  mc_p.l(errno.o)
    0x08006980   0x08006980   0x0000000e   Code   RO         5542    i.__scatterload_copy  mc_p.l(handlers.o)
    0x0800698e   0x0800698e   0x00000002   Code   RO         5543    i.__scatterload_null  mc_p.l(handlers.o)
    0x08006990   0x08006990   0x0000000e   Code   RO         5544    i.__scatterload_zeroinit  mc_p.l(handlers.o)
    0x0800699e   0x0800699e   0x00000002   PAD
    0x080069a0   0x080069a0   0x00000174   Code   RO         5402    i._fp_digits        mc_p.l(printfa.o)
    0x08006b14   0x08006b14   0x000006f0   Code   RO         5403    i._printf_core      mc_p.l(printfa.o)
    0x08007204   0x08007204   0x00000020   Code   RO         5404    i._printf_post_padding  mc_p.l(printfa.o)
    0x08007224   0x08007224   0x0000002c   Code   RO         5405    i._printf_pre_padding  mc_p.l(printfa.o)
    0x08007250   0x08007250   0x0000000a   Code   RO         5407    i._sputc            mc_p.l(printfa.o)
    0x0800725a   0x0800725a   0x00000002   PAD
    0x0800725c   0x0800725c   0x00000038   Code   RO          616    i.at_5vt_get        at.o
    0x08007294   0x08007294   0x0000001c   Code   RO          617    i.at_5vt_set        at.o
    0x080072b0   0x080072b0   0x00000014   Code   RO          618    i.at_cdp_run        at.o
    0x080072c4   0x080072c4   0x00000024   Code   RO          619    i.at_cdp_set        at.o
    0x080072e8   0x080072e8   0x00000030   Code   RO          620    i.at_cfg_run        at.o
    0x08007318   0x08007318   0x00000038   Code   RO          621    i.at_cfm_get        at.o
    0x08007350   0x08007350   0x00000024   Code   RO          622    i.at_cfm_set        at.o
    0x08007374   0x08007374   0x00000038   Code   RO          623    i.at_client_get     at.o
    0x080073ac   0x080073ac   0x00000044   Code   RO          624    i.at_client_set     at.o
    0x080073f0   0x080073f0   0x00000038   Code   RO          625    i.at_cum_get        at.o
    0x08007428   0x08007428   0x00000024   Code   RO          626    i.at_cum_set        at.o
    0x0800744c   0x0800744c   0x00000038   Code   RO          627    i.at_deui_get       at.o
    0x08007484   0x08007484   0x00000048   Code   RO          628    i.at_deui_set       at.o
    0x080074cc   0x080074cc   0x00000038   Code   RO          629    i.at_ext_get        at.o
    0x08007504   0x08007504   0x0000001c   Code   RO          630    i.at_ext_set        at.o
    0x08007520   0x08007520   0x00000034   Code   RO          631    i.at_fdr_run        at.o
    0x08007554   0x08007554   0x0000003c   Code   RO          632    i.at_inmod_get      at.o
    0x08007590   0x08007590   0x00000034   Code   RO          633    i.at_inmod_set      at.o
    0x080075c4   0x080075c4   0x00000050   Code   RO          634    i.at_ldata_get      at.o
    0x08007614   0x08007614   0x0000003c   Code   RO          635    i.at_mod_get        at.o
    0x08007650   0x08007650   0x000000c4   Code   RO          636    i.at_mod_set        at.o
    0x08007714   0x08007714   0x00000040   Code   RO          637    i.at_model_get      at.o
    0x08007754   0x08007754   0x00000038   Code   RO          638    i.at_pro_get        at.o
    0x0800778c   0x0800778c   0x00000030   Code   RO          639    i.at_pro_set        at.o
    0x080077bc   0x080077bc   0x0000003c   Code   RO          640    i.at_pubtopic_get   at.o
    0x080077f8   0x080077f8   0x00000044   Code   RO          641    i.at_pubtopic_set   at.o
    0x0800783c   0x0800783c   0x00000034   Code   RO          642    i.at_pwd_get        at.o
    0x08007870   0x08007870   0x00000044   Code   RO          643    i.at_pwd_set        at.o
    0x080078b4   0x080078b4   0x0000003c   Code   RO          644    i.at_pword_get      at.o
    0x080078f0   0x080078f0   0x00000060   Code   RO          645    i.at_pword_set      at.o
    0x08007950   0x08007950   0x0000003c   Code   RO          646    i.at_que            at.o
    0x0800798c   0x0800798c   0x00000004   Code   RO          647    i.at_reset_run      at.o
    0x08007990   0x08007990   0x00000004   Code   RO          648    i.at_return_error   at.o
    0x08007994   0x08007994   0x0000003c   Code   RO          649    i.at_rxdl_get       at.o
    0x080079d0   0x080079d0   0x0000001c   Code   RO          650    i.at_rxdl_set       at.o
    0x080079ec   0x080079ec   0x0000003c   Code   RO          651    i.at_servaddr_get   at.o
    0x08007a28   0x08007a28   0x00000050   Code   RO          652    i.at_servaddr_set   at.o
    0x08007a78   0x08007a78   0x0000003c   Code   RO          653    i.at_subtopic_get   at.o
    0x08007ab4   0x08007ab4   0x00000044   Code   RO          654    i.at_subtopic_set   at.o
    0x08007af8   0x08007af8   0x00000038   Code   RO          655    i.at_tdc_get        at.o
    0x08007b30   0x08007b30   0x0000002c   Code   RO          656    i.at_tdc_set        at.o
    0x08007b5c   0x08007b5c   0x00000038   Code   RO          657    i.at_uname_get      at.o
    0x08007b94   0x08007b94   0x00000044   Code   RO          658    i.at_uname_set      at.o
    0x08007bd8   0x08007bd8   0x00000034   Code   RO          659    i.at_uri_get        at.o
    0x08007c0c   0x08007c0c   0x00000044   Code   RO          660    i.at_uri_set        at.o
    0x08007c50   0x08007c50   0x00000034   Code   RO          661    i.at_weight_GapValue_get  at.o
    0x08007c84   0x08007c84   0x00000094   Code   RO          662    i.at_weight_GapValue_set  at.o
    0x08007d18   0x08007d18   0x00000054   Code   RO          663    i.at_weight_get     at.o
    0x08007d6c   0x08007d6c   0x00000016   Code   RO          664    i.at_weight_reset   at.o
    0x08007d82   0x08007d82   0x00000002   PAD
    0x08007d84   0x08007d84   0x000003b8   Code   RO          665    i.config_Get        at.o
    0x0800813c   0x0800813c   0x000002dc   Code   RO          666    i.config_Set        at.o
    0x08008418   0x08008418   0x0000008c   Code   RO         1028    i.createList        common.o
    0x080084a4   0x080084a4   0x00000014   Code   RO         1289    i.docrc8            ds18b20.o
    0x080084b8   0x080084b8   0x00000020   Code   RO          426    i.fputc             usart.o
    0x080084d8   0x080084d8   0x00000058   Code   RO          986    i.getVoltage        battery_read.o
    0x08008530   0x08008530   0x0000002e   Code   RO          667    i.hexDetection      at.o
    0x0800855e   0x0800855e   0x0000005a   Code   RO         1029    i.hexToint          common.o
    0x080085b8   0x080085b8   0x0000009c   Code   RO         1030    i.i2c_device_detection  common.o
    0x08008654   0x08008654   0x0000002c   Code   RO         1031    i.led_on            common.o
    0x08008680   0x08008680   0x00000144   Code   RO           20    i.main              main.o
    0x080087c4   0x080087c4   0x0000006c   Code   RO         5424    i.malloc            mc_p.l(malloc.o)
    0x08008830   0x08008830   0x0000000c   Code   RO         1990    i.nb_COAP_close_get  nb_coap.o
    0x0800883c   0x0800883c   0x00000048   Code   RO         1991    i.nb_COAP_close_run  nb_coap.o
    0x08008884   0x08008884   0x0000000c   Code   RO         1992    i.nb_COAP_close_set  nb_coap.o
    0x08008890   0x08008890   0x0000000c   Code   RO         1993    i.nb_COAP_config_get  nb_coap.o
    0x0800889c   0x0800889c   0x00000044   Code   RO         1994    i.nb_COAP_config_run  nb_coap.o
    0x080088e0   0x080088e0   0x0000000c   Code   RO         1995    i.nb_COAP_config_set  nb_coap.o
    0x080088ec   0x080088ec   0x0000000c   Code   RO         1996    i.nb_COAP_open_get  nb_coap.o
    0x080088f8   0x080088f8   0x00000044   Code   RO         1997    i.nb_COAP_open_run  nb_coap.o
    0x0800893c   0x0800893c   0x0000000c   Code   RO         1998    i.nb_COAP_open_set  nb_coap.o
    0x08008948   0x08008948   0x0000000c   Code   RO         1999    i.nb_COAP_option_get  nb_coap.o
    0x08008954   0x08008954   0x00000044   Code   RO         2000    i.nb_COAP_option_run  nb_coap.o
    0x08008998   0x08008998   0x00000058   Code   RO         2001    i.nb_COAP_option_set  nb_coap.o
    0x080089f0   0x080089f0   0x0000000c   Code   RO         2002    i.nb_COAP_read_get  nb_coap.o
    0x080089fc   0x080089fc   0x0000000c   Code   RO         2003    i.nb_COAP_read_run  nb_coap.o
    0x08008a08   0x08008a08   0x0000000c   Code   RO         2004    i.nb_COAP_read_set  nb_coap.o
    0x08008a14   0x08008a14   0x0000002c   Code   RO         2005    i.nb_COAP_send_config_run  nb_coap.o
    0x08008a40   0x08008a40   0x0000005c   Code   RO         2006    i.nb_COAP_send_config_set  nb_coap.o
    0x08008a9c   0x08008a9c   0x0000002c   Code   RO         2007    i.nb_COAP_send_run  nb_coap.o
    0x08008ac8   0x08008ac8   0x0000001c   Code   RO         2008    i.nb_COAP_send_set  nb_coap.o
    0x08008ae4   0x08008ae4   0x00000040   Code   RO         2009    i.nb_COAP_uri_run   nb_coap.o
    0x08008b24   0x08008b24   0x0000002c   Code   RO         1776    i.nb_MQTT_close_run  nb_mqtt.o
    0x08008b50   0x08008b50   0x0000000c   Code   RO         1777    i.nb_MQTT_close_set  nb_mqtt.o
    0x08008b5c   0x08008b5c   0x00000030   Code   RO         1778    i.nb_MQTT_config_set  nb_mqtt.o
    0x08008b8c   0x08008b8c   0x00000028   Code   RO         1779    i.nb_MQTT_conn_run  nb_mqtt.o
    0x08008bb4   0x08008bb4   0x000000a4   Code   RO         1780    i.nb_MQTT_conn_set  nb_mqtt.o
    0x08008c58   0x08008c58   0x0000000c   Code   RO         1781    i.nb_MQTT_data_read_run  nb_mqtt.o
    0x08008c64   0x08008c64   0x00000070   Code   RO         1782    i.nb_MQTT_data_read_set  nb_mqtt.o
    0x08008cd4   0x08008cd4   0x00000028   Code   RO         1783    i.nb_MQTT_open_run  nb_mqtt.o
    0x08008cfc   0x08008cfc   0x00000088   Code   RO         1784    i.nb_MQTT_open_set  nb_mqtt.o
    0x08008d84   0x08008d84   0x0000002c   Code   RO         1785    i.nb_MQTT_pub_run   nb_mqtt.o
    0x08008db0   0x08008db0   0x0000005c   Code   RO         1786    i.nb_MQTT_pub_set   nb_mqtt.o
    0x08008e0c   0x08008e0c   0x0000002c   Code   RO         1787    i.nb_MQTT_send_run  nb_mqtt.o
    0x08008e38   0x08008e38   0x0000001c   Code   RO         1788    i.nb_MQTT_send_set  nb_mqtt.o
    0x08008e54   0x08008e54   0x0000002c   Code   RO         1789    i.nb_MQTT_sub_run   nb_mqtt.o
    0x08008e80   0x08008e80   0x0000005c   Code   RO         1790    i.nb_MQTT_sub_set   nb_mqtt.o
    0x08008edc   0x08008edc   0x000000f4   Code   RO         1791    i.nb_MQTT_uri_run   nb_mqtt.o
    0x08008fd0   0x08008fd0   0x0000000c   Code   RO         2131    i.nb_TCP_close_get  nb_tcp.o
    0x08008fdc   0x08008fdc   0x00000044   Code   RO         2132    i.nb_TCP_close_run  nb_tcp.o
    0x08009020   0x08009020   0x00000078   Code   RO         2133    i.nb_TCP_close_set  nb_tcp.o
    0x08009098   0x08009098   0x0000000c   Code   RO         2134    i.nb_TCP_conn_get   nb_tcp.o
    0x080090a4   0x080090a4   0x00000044   Code   RO         2135    i.nb_TCP_conn_run   nb_tcp.o
    0x080090e8   0x080090e8   0x0000007c   Code   RO         2136    i.nb_TCP_conn_set   nb_tcp.o
    0x08009164   0x08009164   0x0000002c   Code   RO         2137    i.nb_TCP_open_get   nb_tcp.o
    0x08009190   0x08009190   0x00000048   Code   RO         2138    i.nb_TCP_open_run   nb_tcp.o
    0x080091d8   0x080091d8   0x0000000c   Code   RO         2139    i.nb_TCP_open_set   nb_tcp.o
    0x080091e4   0x080091e4   0x0000008c   Code   RO         2140    i.nb_TCP_read_get   nb_tcp.o
    0x08009270   0x08009270   0x00000038   Code   RO         2141    i.nb_TCP_read_run   nb_tcp.o
    0x080092a8   0x080092a8   0x0000007c   Code   RO         2142    i.nb_TCP_read_set   nb_tcp.o
    0x08009324   0x08009324   0x00000038   Code   RO         2143    i.nb_TCP_send_run   nb_tcp.o
    0x0800935c   0x0800935c   0x000000a0   Code   RO         2144    i.nb_TCP_send_set   nb_tcp.o
    0x080093fc   0x080093fc   0x0000007c   Code   RO         2145    i.nb_TCP_uri_run    nb_tcp.o
    0x08009478   0x08009478   0x0000000c   Code   RO         1897    i.nb_UDP_close_get  nb_udp.o
    0x08009484   0x08009484   0x0000003c   Code   RO         1898    i.nb_UDP_close_run  nb_udp.o
    0x080094c0   0x080094c0   0x00000078   Code   RO         1899    i.nb_UDP_close_set  nb_udp.o
    0x08009538   0x08009538   0x0000002c   Code   RO         1900    i.nb_UDP_open_get   nb_udp.o
    0x08009564   0x08009564   0x00000044   Code   RO         1901    i.nb_UDP_open_run   nb_udp.o
    0x080095a8   0x080095a8   0x0000000c   Code   RO         1902    i.nb_UDP_open_set   nb_udp.o
    0x080095b4   0x080095b4   0x0000008c   Code   RO         1903    i.nb_UDP_read_get   nb_udp.o
    0x08009640   0x08009640   0x00000038   Code   RO         1904    i.nb_UDP_read_run   nb_udp.o
    0x08009678   0x08009678   0x0000007c   Code   RO         1905    i.nb_UDP_read_set   nb_udp.o
    0x080096f4   0x080096f4   0x0000003c   Code   RO         1906    i.nb_UDP_send_run   nb_udp.o
    0x08009730   0x08009730   0x000000e4   Code   RO         1907    i.nb_UDP_send_set   nb_udp.o
    0x08009814   0x08009814   0x0000007c   Code   RO         1908    i.nb_UDP_uri_run    nb_udp.o
    0x08009890   0x08009890   0x00000010   Code   RO         1628    i.nb_at_run         nbinit.o
    0x080098a0   0x080098a0   0x00000068   Code   RO         1629    i.nb_at_send        nbinit.o
    0x08009908   0x08009908   0x00000010   Code   RO         1630    i.nb_ate_run        nbinit.o
    0x08009918   0x08009918   0x00000060   Code   RO         1631    i.nb_cclk_get       nbinit.o
    0x08009978   0x08009978   0x0000002c   Code   RO         1632    i.nb_cclk_run       nbinit.o
    0x080099a4   0x080099a4   0x00000098   Code   RO         1633    i.nb_cereg_get      nbinit.o
    0x08009a3c   0x08009a3c   0x0000004c   Code   RO         1634    i.nb_cereg_run      nbinit.o
    0x08009a88   0x08009a88   0x00000054   Code   RO         1635    i.nb_cereg_set      nbinit.o
    0x08009adc   0x08009adc   0x00000058   Code   RO         1636    i.nb_cfun_get       nbinit.o
    0x08009b34   0x08009b34   0x0000001c   Code   RO         1637    i.nb_cfun_set       nbinit.o
    0x08009b50   0x08009b50   0x00000048   Code   RO         1638    i.nb_cgsn_get       nbinit.o
    0x08009b98   0x08009b98   0x0000003c   Code   RO         1639    i.nb_cimi_get       nbinit.o
    0x08009bd4   0x08009bd4   0x0000000c   Code   RO         1640    i.nb_cpsms_get      nbinit.o
    0x08009be0   0x08009be0   0x00000020   Code   RO         1641    i.nb_cpsms_run      nbinit.o
    0x08009c00   0x08009c00   0x00000068   Code   RO         1642    i.nb_cpsms_set      nbinit.o
    0x08009c68   0x08009c68   0x00000074   Code   RO         1643    i.nb_csq_get        nbinit.o
    0x08009cdc   0x08009cdc   0x0000006c   Code   RO         1644    i.nb_nband_get      nbinit.o
    0x08009d48   0x08009d48   0x00000038   Code   RO         1645    i.nb_nconfig_run    nbinit.o
    0x08009d80   0x08009d80   0x00000010   Code   RO         1646    i.nb_nrb_run        nbinit.o
    0x08009d90   0x08009d90   0x00000004   Code   RO         1647    i.nb_null_run       nbinit.o
    0x08009d94   0x08009d94   0x00000034   Code   RO         1032    i.new_firmware_update  common.o
    0x08009dc8   0x08009dc8   0x00000054   Code   RO         1290    i.printArray        ds18b20.o
    0x08009e1c   0x08009e1c   0x0000003c   Code   RO         1033    i.printList         common.o
    0x08009e58   0x08009e58   0x00000058   Code   RO         1291    i.print_all_one_wire  ds18b20.o
    0x08009eb0   0x08009eb0   0x00000090   Code   RO         1034    i.product_information_print  common.o
    0x08009f40   0x08009f40   0x00000168   Code   RO         1035    i.reboot_information_print  common.o
    0x0800a0a8   0x0800a0a8   0x00000026   Code   RO          668    i.rtrim             at.o
    0x0800a0ce   0x0800a0ce   0x00000002   PAD
    0x0800a0d0   0x0800a0d0   0x000000d4   Code   RO         1036    i.rxPayLoadDeal     common.o
    0x0800a1a4   0x0800a1a4   0x000001c8   Code   RO         1467    i.sht20Data         sht20.o
    0x0800a36c   0x0800a36c   0x00000048   Code   RO         1468    i.sht2x_Detect      sht20.o
    0x0800a3b4   0x0800a3b4   0x00000178   Code   RO         1493    i.sht31Data         sht31.o
    0x0800a52c   0x0800a52c   0x0000002c   Code   RO         1494    i.sht31Init         sht31.o
    0x0800a558   0x0800a558   0x0000002c   Code   RO         1495    i.sht31LowPower     sht31.o
    0x0800a584   0x0800a584   0x00000048   Code   RO         1496    i.sht3x_Detect      sht31.o
    0x0800a5cc   0x0800a5cc   0x00000044   Code   RO         1037    i.sortList          common.o
    0x0800a610   0x0800a610   0x00000028   Code   RO          987    i.stob              battery_read.o
    0x0800a638   0x0800a638   0x00000038   Code   RO         1038    i.string_touint     common.o
    0x0800a670   0x0800a670   0x000006c4   Code   RO         1040    i.txPayLoadDeal     common.o
    0x0800ad34   0x0800ad34   0x00000108   Code   RO         1041    i.upLink_fail_read  common.o
    0x0800ae3c   0x0800ae3c   0x00000314   Code   RO         1042    i.upLink_fail_write  common.o
    0x0800b150   0x0800b150   0x00000048   Code   RO         1043    i.upLink_flash_clear  common.o
    0x0800b198   0x0800b198   0x00000058   Code   RO         1442    i.waitbusy          lidar.o
    0x0800b1f0   0x0800b1f0   0x00000018   Data   RO           22    .constdata          main.o
    0x0800b208   0x0800b208   0x00000270   Data   RO          670    .constdata          at.o
    0x0800b478   0x0800b478   0x00000008   Data   RO         1293    .constdata          ds18b20.o
    0x0800b480   0x0800b480   0x00000019   Data   RO         5070    .constdata          system_stm32l0xx.o
    0x0800b499   0x0800b499   0x00000008   Data   RO         5071    .constdata          system_stm32l0xx.o
    0x0800b4a1   0x0800b4a1   0x00000081   Data   RO         5108    .constdata          mc_p.l(ctype_o.o)
    0x0800b522   0x0800b522   0x00000002   PAD
    0x0800b524   0x0800b524   0x00000004   Data   RO         5109    .constdata          mc_p.l(ctype_o.o)
    0x0800b528   0x0800b528   0x0000000c   Data   RO         5140    .constdata          mc_p.l(mktime.o)
    0x0800b534   0x0800b534   0x0000000c   Data   RO         5510    .constdata          mc_p.l(localtime_i.o)
    0x0800b540   0x0800b540   0x00000067   Data   RO           23    .conststring        main.o
    0x0800b5a7   0x0800b5a7   0x00000001   PAD
    0x0800b5a8   0x0800b5a8   0x00000675   Data   RO          671    .conststring        at.o
    0x0800bc1d   0x0800bc1d   0x00000003   PAD
    0x0800bc20   0x0800bc20   0x0000006a   Data   RO         1047    .conststring        common.o
    0x0800bc8a   0x0800bc8a   0x00000002   PAD
    0x0800bc8c   0x0800bc8c   0x0000012e   Data   RO         1650    .conststring        nbinit.o
    0x0800bdba   0x0800bdba   0x00000002   PAD
    0x0800bdbc   0x0800bdbc   0x00000020   Data   RO         5540    Region$$Table       anon$$obj.o


    Execution Region RW_IRAM1 (Exec base: 0x20000000, Load base: 0x0800bddc, Size: 0x00003960, Max: 0x00005000, ABSOLUTE, COMPRESSED[0x00000c98])

    Exec Addr    Load Addr    Size         Type   Attr      Idx    E Section Name        Object

    0x20000000   COMPRESSED   0x0000000d   Data   RW           24    .data               main.o
    0x2000000d   COMPRESSED   0x00000001   Data   RW          672    .data               at.o
    0x2000000e   COMPRESSED   0x00000002   PAD
    0x20000010   COMPRESSED   0x00000094   Data   RW         1048    .data               common.o
    0x200000a4   COMPRESSED   0x00000008   Data   RW         1171    .data               flash_eraseprogram.o
    0x200000ac   COMPRESSED   0x00000118   Data   RW         1294    .data               ds18b20.o
    0x200001c4   COMPRESSED   0x0000000c   Data   RW         1580    .data               weight.o
    0x200001d0   COMPRESSED   0x0000067c   Data   RW         1651    .data               nbinit.o
    0x2000084c   COMPRESSED   0x00000640   Data   RW         1794    .data               nb_mqtt.o
    0x20000e8c   COMPRESSED   0x00000640   Data   RW         1911    .data               nb_udp.o
    0x200014cc   COMPRESSED   0x00000640   Data   RW         2012    .data               nb_coap.o
    0x20001b0c   COMPRESSED   0x00000640   Data   RW         2148    .data               nb_tcp.o
    0x2000214c   COMPRESSED   0x0000000c   Data   RW         2510    .data               stm32l0xx_hal.o
    0x20002158   COMPRESSED   0x00000004   Data   RW         5072    .data               system_stm32l0xx.o
    0x2000215c   COMPRESSED   0x00000004   Data   RW         5497    .data               mc_p.l(stdout.o)
    0x20002160   COMPRESSED   0x00000004   Data   RW         5512    .data               mc_p.l(mvars.o)
    0x20002164   COMPRESSED   0x00000004   Data   RW         5513    .data               mc_p.l(mvars.o)
    0x20002168   COMPRESSED   0x00000004   Data   RW         5517    .data               mc_p.l(errno.o)
    0x2000216c        -       0x0000012c   Zero   RW           21    .bss                main.o
    0x20002298        -       0x0000005c   Zero   RW          302    .bss                adc.o
    0x200022f4        -       0x0000004c   Zero   RW          360    .bss                i2c.o
    0x20002340        -       0x00000010   Zero   RW          396    .bss                iwdg.o
    0x20002350        -       0x00000150   Zero   RW          427    .bss                usart.o
    0x200024a0        -       0x00000024   Zero   RW          481    .bss                rtc.o
    0x200024c4        -       0x00000200   Zero   RW          669    .bss                at.o
    0x200026c4        -       0x0000000a   Zero   RW         1044    .bss                common.o
    0x200026ce   COMPRESSED   0x00000002   PAD
    0x200026d0        -       0x000003f4   Zero   RW         1045    .bss                common.o
    0x20002ac4        -       0x000001f4   Zero   RW         1046    .bss                common.o
    0x20002cb8        -       0x0000000c   Zero   RW         1170    .bss                flash_eraseprogram.o
    0x20002cc4        -       0x00000020   Zero   RW         1292    .bss                ds18b20.o
    0x20002ce4        -       0x000000c8   Zero   RW         1648    .bss                nbinit.o
    0x20002dac        -       0x00000200   Zero   RW         1649    .bss                nbinit.o
    0x20002fac        -       0x000000fa   Zero   RW         1792    .bss                nb_mqtt.o
    0x200030a6        -       0x000000fa   Zero   RW         1909    .bss                nb_udp.o
    0x200031a0        -       0x000000c8   Zero   RW         2010    .bss                nb_coap.o
    0x20003268        -       0x000000dc   Zero   RW         2146    .bss                nb_tcp.o
    0x20003344        -       0x00000018   Zero   RW         3489    .bss                stm32l0xx_hal_flash.o
    0x2000335c   COMPRESSED   0x00000004   PAD
    0x20003360        -       0x00000200   Zero   RW            2    HEAP                startup_stm32l072xx.o
    0x20003560        -       0x00000400   Zero   RW            1    STACK               startup_stm32l072xx.o


==============================================================================

Image component sizes


      Code (inc. data)   RO Data    RW Data    ZI Data      Debug   Object Name

       140         20          0          0         92       1535   adc.o
      4870       1050       2277          1        512      48684   at.o
       544        150          0          0          0       3219   battery_read.o
      4620        688        106        148       1522      19100   common.o
        40          4          0          0          0        762   dma.o
      1646        242          8        280         32      15555   ds18b20.o
       220         90          0          8         12       2702   flash_eraseprogram.o
       264         28          0          0          0       1011   gpio.o
       180         26          0          0         76       1657   i2c.o
        44         12          0          0         16        703   iwdg.o
       372        122          0          0          0       1419   lidar.o
        88         14          0          0          0       1054   lowpower.o
      1374        256        127         13        300     413676   main.o
       756        208          0       1600        200      11664   nb_coap.o
      1196        376          0       1600        250      12490   nb_mqtt.o
      1192        318          0       1600        220       9564   nb_tcp.o
      1048        296          0       1600        250       7910   nb_udp.o
      5152       2294        302       1660        712      18342   nbinit.o
       260         16          0          0         36       1691   rtc.o
       528        120          0          0          0       1419   sht20.o
       536        126          0          0          0       2729   sht31.o
        28          8        192          0       1536        656   startup_stm32l072xx.o
       204         36          0         12          0      10352   stm32l0xx_hal.o
      1030         36          0          0          0       6122   stm32l0xx_hal_adc.o
       170          0          0          0          0       1462   stm32l0xx_hal_adc_ex.o
       148         24          0          0          0      12217   stm32l0xx_hal_cortex.o
       630         12          0          0          0       5202   stm32l0xx_hal_dma.o
       448         60          0          0         24       7091   stm32l0xx_hal_flash.o
       320         50          0          0          0       5192   stm32l0xx_hal_flash_ex.o
       434         38          0          0          0       3622   stm32l0xx_hal_gpio.o
      2136         62          0          0          0      14965   stm32l0xx_hal_i2c.o
       146          0          0          0          0       1971   stm32l0xx_hal_i2c_ex.o
       116         20          0          0          0       1819   stm32l0xx_hal_iwdg.o
        24          4          0          0          0        454   stm32l0xx_hal_msp.o
       116         16          0          0          0       1307   stm32l0xx_hal_pwr.o
        32          8          0          0          0       1085   stm32l0xx_hal_pwr_ex.o
      1826         96          0          0          0       5948   stm32l0xx_hal_rcc.o
       396         14          0          0          0       1512   stm32l0xx_hal_rcc_ex.o
      1604         36          0          0          0      10298   stm32l0xx_hal_rtc.o
      2738        114          0          0          0      17382   stm32l0xx_hal_uart.o
       188          4          0          0          0       2720   stm32l0xx_hal_uart_ex.o
       100         24          0          0          0       4620   stm32l0xx_it.o
        84         18         33          4          0       1283   system_stm32l0xx.o
       352         12          0          0          0       2805   time_server.o
       524        124          0          0          0       3577   ultrasound.o
       408         48          0          0        336       3576   usart.o
       436         48          0         12          0       4247   weight.o

    ----------------------------------------------------------------------
     39742       7368       3085       8540       6132     708371   Object Totals
         0          0         32          0          0          0   (incl. Generated)
        34          0          8          2          6          0   (incl. Padding)

    ----------------------------------------------------------------------

      Code (inc. data)   RO Data    RW Data    ZI Data      Debug   Library Member Name

        86          0          0          0          0          0   __dczerorl2.o
        30          0          0          0          0         60   _chval.o
       166          0          0          0          0         84   _strtoul.o
        26          0          0          0          0         72   atoi.o
         8          4        133          0          0         60   ctype_o.o
         0          0          0          0          0          0   entry.o
         0          0          0          0          0          0   entry10a.o
         0          0          0          0          0          0   entry11a.o
         4          0          0          0          0          0   entry12b.o
         8          4          0          0          0          0   entry2.o
         4          0          0          0          0          0   entry5.o
         0          0          0          0          0          0   entry7b.o
         0          0          0          0          0          0   entry8b.o
         8          4          0          0          0          0   entry9a.o
         8          4          0          4          0         60   errno.o
        30          0          0          0          0          0   handlers.o
        40          0          0          0          0         72   idiv.o
        36          8          0          0          0         68   init.o
         0          0          0          0          0          0   iusefp.o
        32          0          0          0          0         68   llshl.o
        38          0          0          0          0         68   llsshr.o
        34          0          0          0          0         68   llushr.o
       116         12         12          0          0         72   localtime_i.o
       108         16          0          0          0         76   malloc.o
        36          0          0          0          0         60   memcpya.o
        36          0          0          0          0        100   memseta.o
       140         16         12          0          0         72   mktime.o
         0          0          0          8          0          0   mvars.o
      2306        102          0          0          0        556   printfa.o
         0          0          0          4          0          0   stdout.o
        24          0          0          0          0         60   strcat.o
        20          0          0          0          0         60   strchr.o
        28          0          0          0          0         68   strcmp.o
        14          0          0          0          0         60   strlen.o
        26          0          0          0          0         68   strncpy.o
        22          0          0          0          0         60   strrchr.o
        40          0          0          0          0         72   strstr.o
       112          4          0          0          0         76   strtol.o
        12          0          0          0          0         60   tolower.o
        12          0          0          0          0         60   toupper.o
        44          0          0          0          0         72   uidiv.o
        96          0          0          0          0         84   uldiv.o
        40          2          0          0          0         68   cdrcmple.o
        56          0          0          0          0         68   d2f.o
       360          6          0          0          0        140   dadd.o
       240          6          0          0          0         84   ddiv.o
       236          0          0          0          0        216   depilogue.o
        64         10          0          0          0         68   dfixul.o
        40          6          0          0          0         68   dflti.o
        28          4          0          0          0         68   dfltui.o
       208          6          0          0          0         88   dmul.o
        44          0          0          0          0         72   dscalb.o
        40          0          0          0          0         60   f2d.o
       124          0          0          0          0         72   fdiv.o
       130          0          0          0          0        144   fepilogue.o
        50          0          0          0          0         60   ffixi.o
        40          0          0          0          0         60   ffixui.o
        22          0          0          0          0         68   fflti.o
        14          0          0          0          0         68   ffltui.o
       122          0          0          0          0         72   fmul.o

    ----------------------------------------------------------------------
      5618        214        159         16          0       3960   Library Totals
        10          0          2          0          0          0   (incl. Padding)

    ----------------------------------------------------------------------

      Code (inc. data)   RO Data    RW Data    ZI Data      Debug   Library Name

      3750        174        157         16          0       2416   mc_p.l
      1858         40          0          0          0       1544   mf_p.l

    ----------------------------------------------------------------------
      5618        214        159         16          0       3960   Library Totals

    ----------------------------------------------------------------------

==============================================================================


      Code (inc. data)   RO Data    RW Data    ZI Data      Debug   

     45360       7582       3244       8556       6132     694991   Grand Totals
     45360       7582       3244       3224       6132     694991   ELF Image Totals (compressed)
     45360       7582       3244       3224          0          0   ROM Totals

==============================================================================

    Total RO  Size (Code + RO Data)                48604 (  47.46kB)
    Total RW  Size (RW Data + ZI Data)             14688 (  14.34kB)
    Total ROM Size (Code + RO Data + RW Data)      51828 (  50.61kB)

==============================================================================

